
Note: No compatibility mode selected!


Circuit: * historical ishi-kai mos/passive models plus distributed engineering pex.

Doing analysis at TEMP = 27.000000 and TNOM = 27.000000

Using SPARSE 1.3 as Direct Linear Solver
Operating point simulation skipped by 'uic',
  now using transient initial conditions.

No. of Data Rows : 500030

  Measurements for Transient Analysis

t1                  =   1.21522e-04
t2                  =   1.36769e-04
period              =  1.52469e-05
freq                =  6.55869e+04
vout_min            =  -9.67905e-04 at=  3.79904e-04
vout_max            =  5.00710e+00 at=  2.15397e-04


Total analysis time (seconds) = 119.63

Total elapsed time (seconds) = 119.646 

Total DRAM available = 8192.000 MB.
DRAM currently available = 2098.297 MB.
Maximum ngspice program size =   26.562 MB.
Current ngspice program size =   26.562 MB.

