
Note: No compatibility mode selected!


Circuit: * tr10 inverter triangle-drive/load reproduction surrogate

Warning : voltage source vtri has non-increasing PWL time points.
Warning : voltage source vtri has non-increasing PWL time points.
Doing analysis at TEMP = 27.000000 and TNOM = 27.000000

Using SPARSE 1.3 as Direct Linear Solver

Initial Transient Solution
--------------------------

Node                                   Voltage
----                                   -------
vdd                                          5
in                                           0
out                                          5
vtri#branch                                  0
vdd#branch                        -5.10017e-10


No. of Data Rows : 1500023

  Measurements for Transient Analysis

vout_min            =  -3.76008e-06 at=  1.50624e-03
vout_max            =  5.00001e+00 at=  2.03559e-03
trise               =  2.19792e-05 targ=  1.76618e-03 trig=  1.74420e-03
tfall               =  2.22602e-05 targ=  1.26058e-03 trig=  1.23832e-03

Doing analysis at TEMP = 27.000000 and TNOM = 27.000000

Using SPARSE 1.3 as Direct Linear Solver

Initial Transient Solution
--------------------------

Node                                   Voltage
----                                   -------
vdd                                          5
in                                           0
out                                          5
vtri#branch                                  0
vdd#branch                        -5.10017e-10


No. of Data Rows : 1500023

  Measurements for Transient Analysis

vout_min            =  -3.76008e-06 at=  1.50624e-03
vout_max            =  5.00001e+00 at=  2.03559e-03
trise               =  2.19792e-05 targ=  1.76618e-03 trig=  1.74420e-03
tfall               =  2.22602e-05 targ=  1.26058e-03 trig=  1.23832e-03


Total analysis time (seconds) = 12.1091

Total elapsed time (seconds) = 12.185 

Total DRAM available = 8192.000 MB.
DRAM currently available = 2058.625 MB.
Maximum ngspice program size =   96.266 MB.
Current ngspice program size =   65.969 MB.

