
Note: No compatibility mode selected!


Circuit: * tr10 inverter frequency/load reproduction surrogate

Doing analysis at TEMP = 27.000000 and TNOM = 27.000000

Using SPARSE 1.3 as Direct Linear Solver

Initial Transient Solution
--------------------------

Node                                   Voltage
----                                   -------
vdd                                          5
in                                           0
out                                          5
vin#branch                                   0
vdd#branch                        -5.10017e-10


No. of Data Rows : 1565

  Measurements for Transient Analysis

vout_min            =  -5.67308e-02 at=  3.02832e-06
vout_max            =  5.09472e+00 at=  4.01108e-06
trise               =  5.29146e-08 targ=  3.09947e-06 trig=  3.04656e-06
tfall               =  4.61978e-08 targ=  2.07241e-06 trig=  2.02621e-06

Doing analysis at TEMP = 27.000000 and TNOM = 27.000000

Using SPARSE 1.3 as Direct Linear Solver

Initial Transient Solution
--------------------------

Node                                   Voltage
----                                   -------
vdd                                          5
in                                           0
out                                          5
vin#branch                                   0
vdd#branch                        -5.10017e-10


No. of Data Rows : 1565

  Measurements for Transient Analysis

vout_min            =  -5.67308e-02 at=  3.02832e-06
vout_max            =  5.09472e+00 at=  4.01108e-06
trise               =  5.29146e-08 targ=  3.09947e-06 trig=  3.04656e-06
tfall               =  4.61978e-08 targ=  2.07241e-06 trig=  2.02621e-06


Total analysis time (seconds) = 0.015151

Total elapsed time (seconds) = 0.025 

Total DRAM available = 8192.000 MB.
DRAM currently available = 1699.484 MB.
Maximum ngspice program size =   10.625 MB.
Current ngspice program size =   10.625 MB.

