
Note: No compatibility mode selected!


Circuit: * tr10 inverter triangle-drive/load reproduction surrogate

Warning : voltage source vtri has non-increasing PWL time points.
Warning : voltage source vtri has non-increasing PWL time points.
Doing analysis at TEMP = 27.000000 and TNOM = 27.000000

Using SPARSE 1.3 as Direct Linear Solver

Initial Transient Solution
--------------------------

Node                                   Voltage
----                                   -------
vdd                                          5
in                                           0
out                                          5
vtri#branch                                  0
vdd#branch                        -5.10017e-10


No. of Data Rows : 1500023

  Measurements for Transient Analysis

vout_min            =  -3.77840e-06 at=  1.50001e-03
vout_max            =  5.00001e+00 at=  1.03538e-03
trise               =  1.92757e-05 targ=  1.76260e-03 trig=  1.74333e-03
tfall               =  1.92685e-05 targ=  1.25670e-03 trig=  1.23744e-03

Doing analysis at TEMP = 27.000000 and TNOM = 27.000000

Using SPARSE 1.3 as Direct Linear Solver

Initial Transient Solution
--------------------------

Node                                   Voltage
----                                   -------
vdd                                          5
in                                           0
out                                          5
vtri#branch                                  0
vdd#branch                        -5.10017e-10


No. of Data Rows : 1500023

  Measurements for Transient Analysis

vout_min            =  -3.77840e-06 at=  1.50001e-03
vout_max            =  5.00001e+00 at=  1.03538e-03
trise               =  1.92757e-05 targ=  1.76260e-03 trig=  1.74333e-03
tfall               =  1.92685e-05 targ=  1.25670e-03 trig=  1.23744e-03


Total analysis time (seconds) = 12.1435

Total elapsed time (seconds) = 12.223 

Total DRAM available = 8192.000 MB.
DRAM currently available = 2247.078 MB.
Maximum ngspice program size =   91.516 MB.
Current ngspice program size =   91.344 MB.

