
Note: No compatibility mode selected!


Circuit: * tr10-1 original-model no-pex vco reference.

Doing analysis at TEMP = 27.000000 and TNOM = 27.000000

Using SPARSE 1.3 as Direct Linear Solver
Operating point simulation skipped by 'uic',
  now using transient initial conditions.

No. of Data Rows : 200022

  Measurements for Transient Analysis


Error: measure  t1  when(WHEN) : out of interval
 .meas tran t1 when v(out)=2.5 rise=8 failed!


Error: measure  t2  when(WHEN) : out of interval
 .meas tran t2 when v(out)=2.5 rise=9 failed!

Error in netlist line no. 235, new internal line no. 16:

Undefined parameter [t2]
Error in netlist line no. 235, new internal line no. 16:

 Expression err: t2-t1}
Error in netlist line no. 235, new internal line no. 16:

Cannot compute substitute
period              =   failed
Error in netlist line no. 236, new internal line no. 17:

Undefined parameter [period]
Error in netlist line no. 236, new internal line no. 17:

Cannot compute substitute
freq                =   failed
vout_min            =  1.23983e-06 at=  1.99986e-04
vout_max            =  1.23983e-06 at=  1.30928e-04


Total analysis time (seconds) = 9.90292

Total elapsed time (seconds) = 9.928 

Total DRAM available = 8192.000 MB.
DRAM currently available = 2183.375 MB.
Maximum ngspice program size =   16.562 MB.
Current ngspice program size =   16.562 MB.

