
Note: No compatibility mode selected!


Circuit: * tr10-1 original-model no-pex vco target-frequency check.

Doing analysis at TEMP = 27.000000 and TNOM = 27.000000

Using SPARSE 1.3 as Direct Linear Solver
Operating point simulation skipped by 'uic',
  now using transient initial conditions.

No. of Data Rows : 200039

  Measurements for Transient Analysis

t1                  =   7.65242e-05
t2                  =   8.66524e-05
period              =  1.01282e-05
freq                =  9.87341e+04
vout_min            =  -3.09008e-05 at=  7.63979e-05
vout_max            =  5.00137e+00 at=  1.41030e-04


Total analysis time (seconds) = 9.77544

Total elapsed time (seconds) = 9.798 

Total DRAM available = 8192.000 MB.
DRAM currently available = 2146.016 MB.
Maximum ngspice program size =   16.484 MB.
Current ngspice program size =   16.484 MB.

