
Note: No compatibility mode selected!


Circuit: * tr10 inverter triangle-drive/load reproduction surrogate

Warning : voltage source vtri has non-increasing PWL time points.
Warning : voltage source vtri has non-increasing PWL time points.
Doing analysis at TEMP = 27.000000 and TNOM = 27.000000

Using SPARSE 1.3 as Direct Linear Solver

Initial Transient Solution
--------------------------

Node                                   Voltage
----                                   -------
vdd                                          5
in                                           0
out                                          5
vtri#branch                                  0
vdd#branch                        -5.10017e-10


No. of Data Rows : 1500023

  Measurements for Transient Analysis

vout_min            =  -3.76009e-06 at=  1.50611e-03
vout_max            =  5.00001e+00 at=  2.03544e-03
trise               =  1.92886e-05 targ=  1.76288e-03 trig=  1.74359e-03
tfall               =  1.92772e-05 targ=  1.25698e-03 trig=  1.23770e-03

Doing analysis at TEMP = 27.000000 and TNOM = 27.000000

Using SPARSE 1.3 as Direct Linear Solver

Initial Transient Solution
--------------------------

Node                                   Voltage
----                                   -------
vdd                                          5
in                                           0
out                                          5
vtri#branch                                  0
vdd#branch                        -5.10017e-10


No. of Data Rows : 1500023

  Measurements for Transient Analysis

vout_min            =  -3.76009e-06 at=  1.50611e-03
vout_max            =  5.00001e+00 at=  2.03544e-03
trise               =  1.92886e-05 targ=  1.76288e-03 trig=  1.74359e-03
tfall               =  1.92772e-05 targ=  1.25698e-03 trig=  1.23770e-03


Total analysis time (seconds) = 12.1466

Total elapsed time (seconds) = 12.219 

Total DRAM available = 8192.000 MB.
DRAM currently available = 1979.469 MB.
Maximum ngspice program size =  102.219 MB.
Current ngspice program size =  102.219 MB.

