
Note: No compatibility mode selected!


Circuit: * tr10-1 dcdc schematic-level surrogate.

Doing analysis at TEMP = 27.000000 and TNOM = 27.000000

Using SPARSE 1.3 as Direct Linear Solver
Operating point simulation skipped by 'uic',
  now using transient initial conditions.

No. of Data Rows : 60343

  Measurements for Transient Analysis

vout_final          =  8.00766e-07
vout_min            =  -7.43799e-05 at=  3.55697e-04
vout_max            =  3.16868e+00 at=  4.00159e-04
iin_avg             =  -1.69143e-04 from=  2.96413e-04 to=  5.92827e-04

Doing analysis at TEMP = 27.000000 and TNOM = 27.000000

Using SPARSE 1.3 as Direct Linear Solver
Operating point simulation skipped by 'uic',
  now using transient initial conditions.

No. of Data Rows : 60343

  Measurements for Transient Analysis

vout_final          =  8.00766e-07
vout_min            =  -7.43799e-05 at=  3.55697e-04
vout_max            =  3.16868e+00 at=  4.00159e-04
iin_avg             =  -1.69143e-04 from=  2.96413e-04 to=  5.92827e-04


Total analysis time (seconds) = 0.603885

Total elapsed time (seconds) = 0.614 

Total DRAM available = 8192.000 MB.
DRAM currently available = 2546.859 MB.
Maximum ngspice program size =   17.828 MB.
Current ngspice program size =   17.828 MB.

