
Note: No compatibility mode selected!


Circuit: * historical ishi-kai mos/passive models plus distributed engineering pex.

Doing analysis at TEMP = 27.000000 and TNOM = 27.000000

Using SPARSE 1.3 as Direct Linear Solver
Operating point simulation skipped by 'uic',
  now using transient initial conditions.

No. of Data Rows : 300057

  Measurements for Transient Analysis

t1                  =   7.08607e-05
t2                  =   8.01828e-05
period              =  9.32203e-06
freq                =  1.07273e+05
vout_min            =  -1.50806e-04 at=  2.57190e-04
vout_max            =  5.00415e+00 at=  2.14100e-04


Total analysis time (seconds) = 91.9506

Total elapsed time (seconds) = 91.980 

Total DRAM available = 8192.000 MB.
DRAM currently available = 2007.438 MB.
Maximum ngspice program size =   17.859 MB.
Current ngspice program size =   14.469 MB.

