
Note: No compatibility mode selected!


Circuit: * historical ishi-kai mos/passive models plus distributed engineering pex.

Doing analysis at TEMP = 27.000000 and TNOM = 27.000000

Using SPARSE 1.3 as Direct Linear Solver
Operating point simulation skipped by 'uic',
  now using transient initial conditions.

No. of Data Rows : 400054

  Measurements for Transient Analysis

t1                  =   8.18155e-05
t2                  =   9.25353e-05
period              =  1.07198e-05
freq                =  9.32853e+04
vout_min            =  -2.18444e-04 at=  3.17502e-04
vout_max            =  5.00554e+00 at=  4.27165e-05


Total analysis time (seconds) = 119.293

Total elapsed time (seconds) = 119.303 

Total DRAM available = 8192.000 MB.
DRAM currently available = 2073.266 MB.
Maximum ngspice program size =   23.062 MB.
Current ngspice program size =   21.453 MB.

