
Note: No compatibility mode selected!


Circuit: * tr10 inverter triangle-drive/load reproduction surrogate

Warning : voltage source vtri has non-increasing PWL time points.
Warning : voltage source vtri has non-increasing PWL time points.
Doing analysis at TEMP = 27.000000 and TNOM = 27.000000

Using SPARSE 1.3 as Direct Linear Solver

Initial Transient Solution
--------------------------

Node                                   Voltage
----                                   -------
vdd                                          5
in                                           0
out                                          5
vtri#branch                                  0
vdd#branch                        -5.10017e-10


No. of Data Rows : 3023

  Measurements for Transient Analysis

vout_min            =  2.33397e-03 at=  5.18700e-06
vout_max            =  4.99627e+00 at=  2.20900e-06
trise               =  2.73837e-07 targ=  3.88425e-06 trig=  3.61041e-06
tfall               =  2.61105e-07 targ=  2.86210e-06 trig=  2.60099e-06

Doing analysis at TEMP = 27.000000 and TNOM = 27.000000

Using SPARSE 1.3 as Direct Linear Solver

Initial Transient Solution
--------------------------

Node                                   Voltage
----                                   -------
vdd                                          5
in                                           0
out                                          5
vtri#branch                                  0
vdd#branch                        -5.10017e-10


No. of Data Rows : 3023

  Measurements for Transient Analysis

vout_min            =  2.33397e-03 at=  5.18700e-06
vout_max            =  4.99627e+00 at=  2.20900e-06
trise               =  2.73837e-07 targ=  3.88425e-06 trig=  3.61041e-06
tfall               =  2.61105e-07 targ=  2.86210e-06 trig=  2.60099e-06


Total analysis time (seconds) = 0.024798

Total elapsed time (seconds) = 0.035 

Total DRAM available = 8192.000 MB.
DRAM currently available = 2109.578 MB.
Maximum ngspice program size =   10.750 MB.
Current ngspice program size =   10.750 MB.

