
Note: No compatibility mode selected!


Circuit: * tr-1um canonical vco post-layout transient testbench.

Doing analysis at TEMP = 27.000000 and TNOM = 27.000000

Using SPARSE 1.3 as Direct Linear Solver
Operating point simulation skipped by 'uic',
  now using transient initial conditions.

No. of Data Rows : 2657

  Measurements for Transient Analysis

t1                  =   9.78173e-06
t2                  =   1.12841e-05
period              =  1.50241e-06
freq                =  6.65596e+05
vout_min            =  -1.02515e-02 at=  1.05318e-05
vout_max            =  5.01701e+00 at=  1.87985e-05


Total analysis time (seconds) = 1.04817

Total elapsed time (seconds) = 1.064 

Total DRAM available = 8192.000 MB.
DRAM currently available = 2565.078 MB.
Maximum ngspice program size =   11.906 MB.
Current ngspice program size =   11.906 MB.

