
Note: No compatibility mode selected!


Circuit: * historical ishi-kai mos/passive models plus distributed engineering pex.

Doing analysis at TEMP = 27.000000 and TNOM = 27.000000

Using SPARSE 1.3 as Direct Linear Solver
Operating point simulation skipped by 'uic',
  now using transient initial conditions.

No. of Data Rows : 500026

  Measurements for Transient Analysis

t1                  =   1.02077e-04
t2                  =   1.15093e-04
period              =  1.30165e-05
freq                =  7.68258e+04
vout_min            =  -7.90945e-04 at=  7.55865e-05
vout_max            =  5.00974e+00 at=  4.02275e-05


Total analysis time (seconds) = 120.82

Total elapsed time (seconds) = 120.832 

Total DRAM available = 8192.000 MB.
DRAM currently available = 2099.141 MB.
Maximum ngspice program size =   26.547 MB.
Current ngspice program size =   26.547 MB.

