
Note: No compatibility mode selected!


Circuit: * historical ishi-kai mos/passive models plus distributed engineering pex.

Doing analysis at TEMP = 27.000000 and TNOM = 27.000000

Using SPARSE 1.3 as Direct Linear Solver
Operating point simulation skipped by 'uic',
  now using transient initial conditions.

No. of Data Rows : 400070

  Measurements for Transient Analysis

t1                  =   7.65322e-05
t2                  =   8.66599e-05
period              =  1.01276e-05
freq                =  9.87396e+04
vout_min            =  -3.10080e-05 at=  2.99215e-04
vout_max            =  5.00137e+00 at=  2.96308e-05


Total analysis time (seconds) = 118.972

Total elapsed time (seconds) = 119.004 

Total DRAM available = 8192.000 MB.
DRAM currently available = 2073.266 MB.
Maximum ngspice program size =   23.141 MB.
Current ngspice program size =   21.266 MB.

