
Note: No compatibility mode selected!


Circuit: * tr10 inverter frequency/load reproduction surrogate

Doing analysis at TEMP = 27.000000 and TNOM = 27.000000

Using SPARSE 1.3 as Direct Linear Solver

Initial Transient Solution
--------------------------

Node                                   Voltage
----                                   -------
vdd                                          5
in                                           0
out                                          5
vin#branch                                   0
vdd#branch                        -5.10017e-10


No. of Data Rows : 1619

  Measurements for Transient Analysis

vout_min            =  -2.55324e-04 at=  2.51053e-03
vout_max            =  5.00076e+00 at=  2.00042e-03
trise               =  1.28646e-06 targ=  1.51591e-03 trig=  1.51462e-03
tfall               =  9.07966e-07 targ=  1.00563e-03 trig=  1.00472e-03

Doing analysis at TEMP = 27.000000 and TNOM = 27.000000

Using SPARSE 1.3 as Direct Linear Solver

Initial Transient Solution
--------------------------

Node                                   Voltage
----                                   -------
vdd                                          5
in                                           0
out                                          5
vin#branch                                   0
vdd#branch                        -5.10017e-10


No. of Data Rows : 1619

  Measurements for Transient Analysis

vout_min            =  -2.55324e-04 at=  2.51053e-03
vout_max            =  5.00076e+00 at=  2.00042e-03
trise               =  1.28646e-06 targ=  1.51591e-03 trig=  1.51462e-03
tfall               =  9.07966e-07 targ=  1.00563e-03 trig=  1.00472e-03


Total analysis time (seconds) = 0.01205

Total elapsed time (seconds) = 0.023 

Total DRAM available = 8192.000 MB.
DRAM currently available = 1699.484 MB.
Maximum ngspice program size =   10.500 MB.
Current ngspice program size =   10.500 MB.

