
Note: No compatibility mode selected!


Circuit: * tr10 inverter frequency/load reproduction surrogate

Doing analysis at TEMP = 27.000000 and TNOM = 27.000000

Using SPARSE 1.3 as Direct Linear Solver

Initial Transient Solution
--------------------------

Node                                   Voltage
----                                   -------
vdd                                          5
in                                           0
out                                          5
vin#branch                                   0
vdd#branch                        -5.10017e-10


No. of Data Rows : 1631

  Measurements for Transient Analysis

vout_min            =  -2.57079e-04 at=  1.51034e-03
vout_max            =  5.00077e+00 at=  2.00043e-03
trise               =  9.89660e-07 targ=  1.51582e-03 trig=  1.51483e-03
tfall               =  1.00648e-06 targ=  1.00567e-03 trig=  1.00467e-03

Doing analysis at TEMP = 27.000000 and TNOM = 27.000000

Using SPARSE 1.3 as Direct Linear Solver

Initial Transient Solution
--------------------------

Node                                   Voltage
----                                   -------
vdd                                          5
in                                           0
out                                          5
vin#branch                                   0
vdd#branch                        -5.10017e-10


No. of Data Rows : 1631

  Measurements for Transient Analysis

vout_min            =  -2.57079e-04 at=  1.51034e-03
vout_max            =  5.00077e+00 at=  2.00043e-03
trise               =  9.89660e-07 targ=  1.51582e-03 trig=  1.51483e-03
tfall               =  1.00648e-06 targ=  1.00567e-03 trig=  1.00467e-03


Total analysis time (seconds) = 0.016942

Total elapsed time (seconds) = 0.030 

Total DRAM available = 8192.000 MB.
DRAM currently available = 1699.484 MB.
Maximum ngspice program size =   10.641 MB.
Current ngspice program size =   10.641 MB.

