
Note: No compatibility mode selected!


Circuit: * tr10-1 dcdc schematic-level surrogate.

Doing analysis at TEMP = 27.000000 and TNOM = 27.000000

Using SPARSE 1.3 as Direct Linear Solver
Operating point simulation skipped by 'uic',
  now using transient initial conditions.

No. of Data Rows : 105307

  Measurements for Transient Analysis

vout_final          =  3.91006e+00
vout_min            =  3.86891e+00 at=  4.95763e-04
vout_max            =  3.91665e+00 at=  9.66749e-04
iin_avg             =  -1.57929e-08 from=  4.95763e-04 to=  9.91527e-04

Doing analysis at TEMP = 27.000000 and TNOM = 27.000000

Using SPARSE 1.3 as Direct Linear Solver
Operating point simulation skipped by 'uic',
  now using transient initial conditions.

No. of Data Rows : 105307

  Measurements for Transient Analysis

vout_final          =  3.91006e+00
vout_min            =  3.86891e+00 at=  4.95763e-04
vout_max            =  3.91665e+00 at=  9.66749e-04
iin_avg             =  -1.57929e-08 from=  4.95763e-04 to=  9.91527e-04


Total analysis time (seconds) = 1.05127

Total elapsed time (seconds) = 1.062 

Total DRAM available = 8192.000 MB.
DRAM currently available = 2550.859 MB.
Maximum ngspice program size =   23.891 MB.
Current ngspice program size =   23.891 MB.

