
Note: No compatibility mode selected!


Circuit: * tr10-1 dcdc schematic-level surrogate.

Doing analysis at TEMP = 27.000000 and TNOM = 27.000000

Using SPARSE 1.3 as Direct Linear Solver
Operating point simulation skipped by 'uic',
  now using transient initial conditions.

No. of Data Rows : 51997

  Measurements for Transient Analysis

vout_final          =  8.24494e-07
vout_min            =  -7.01137e-05 at=  3.88890e-04
vout_max            =  3.59777e+00 at=  4.72232e-04
iin_avg             =  -3.18355e-05 from=  2.50000e-04 to=  5.00000e-04

Doing analysis at TEMP = 27.000000 and TNOM = 27.000000

Using SPARSE 1.3 as Direct Linear Solver
Operating point simulation skipped by 'uic',
  now using transient initial conditions.

No. of Data Rows : 51997

  Measurements for Transient Analysis

vout_final          =  8.24494e-07
vout_min            =  -7.01137e-05 at=  3.88890e-04
vout_max            =  3.59777e+00 at=  4.72232e-04
iin_avg             =  -3.18355e-05 from=  2.50000e-04 to=  5.00000e-04


Total analysis time (seconds) = 0.521015

Total elapsed time (seconds) = 0.532 

Total DRAM available = 8192.000 MB.
DRAM currently available = 2541.938 MB.
Maximum ngspice program size =   16.875 MB.
Current ngspice program size =   16.875 MB.

