
Note: No compatibility mode selected!


Circuit: * tr10 inverter frequency/load reproduction surrogate

Doing analysis at TEMP = 27.000000 and TNOM = 27.000000

Using SPARSE 1.3 as Direct Linear Solver

Initial Transient Solution
--------------------------

Node                                   Voltage
----                                   -------
vdd                                          5
in                                           0
out                                          5
vin#branch                                   0
vdd#branch                        -5.10017e-10


No. of Data Rows : 1567

  Measurements for Transient Analysis

vout_min            =  -1.43733e-01 at=  1.51600e-06
vout_max            =  5.24330e+00 at=  2.00620e-06
trise               =  2.78275e-08 targ=  1.55254e-06 trig=  1.52472e-06
tfall               =  2.38723e-08 targ=  1.03871e-06 trig=  1.01484e-06

Doing analysis at TEMP = 27.000000 and TNOM = 27.000000

Using SPARSE 1.3 as Direct Linear Solver

Initial Transient Solution
--------------------------

Node                                   Voltage
----                                   -------
vdd                                          5
in                                           0
out                                          5
vin#branch                                   0
vdd#branch                        -5.10017e-10


No. of Data Rows : 1567

  Measurements for Transient Analysis

vout_min            =  -1.43733e-01 at=  1.51600e-06
vout_max            =  5.24330e+00 at=  2.00620e-06
trise               =  2.78275e-08 targ=  1.55254e-06 trig=  1.52472e-06
tfall               =  2.38723e-08 targ=  1.03871e-06 trig=  1.01484e-06


Total analysis time (seconds) = 0.011888

Total elapsed time (seconds) = 0.020 

Total DRAM available = 8192.000 MB.
DRAM currently available = 1674.641 MB.
Maximum ngspice program size =   10.594 MB.
Current ngspice program size =   10.594 MB.

