
Note: No compatibility mode selected!


Circuit: * tr10 inverter frequency/load reproduction surrogate

Doing analysis at TEMP = 27.000000 and TNOM = 27.000000

Using SPARSE 1.3 as Direct Linear Solver

Initial Transient Solution
--------------------------

Node                                   Voltage
----                                   -------
vdd                                          5
in                                           0
out                                          5
vin#branch                                   0
vdd#branch                        -5.10017e-10


No. of Data Rows : 1574

  Measurements for Transient Analysis

vout_min            =  -1.99193e-01 at=  3.02612e-06
vout_max            =  5.31891e+00 at=  4.00785e-06
trise               =  9.44717e-09 targ=  3.04525e-06 trig=  3.03580e-06
tfall               =  7.09231e-09 targ=  2.02384e-06 trig=  2.01675e-06

Doing analysis at TEMP = 27.000000 and TNOM = 27.000000

Using SPARSE 1.3 as Direct Linear Solver

Initial Transient Solution
--------------------------

Node                                   Voltage
----                                   -------
vdd                                          5
in                                           0
out                                          5
vin#branch                                   0
vdd#branch                        -5.10017e-10


No. of Data Rows : 1574

  Measurements for Transient Analysis

vout_min            =  -1.99193e-01 at=  3.02612e-06
vout_max            =  5.31891e+00 at=  4.00785e-06
trise               =  9.44717e-09 targ=  3.04525e-06 trig=  3.03580e-06
tfall               =  7.09231e-09 targ=  2.02384e-06 trig=  2.01675e-06


Total analysis time (seconds) = 0.011104

Total elapsed time (seconds) = 0.019 

Total DRAM available = 8192.000 MB.
DRAM currently available = 1699.484 MB.
Maximum ngspice program size =   10.594 MB.
Current ngspice program size =   10.594 MB.

