
Note: No compatibility mode selected!


Circuit: * tr10-1 dcdc exact source topology with external measured clock.

Doing analysis at TEMP = 27.000000 and TNOM = 27.000000

Using SPARSE 1.3 as Direct Linear Solver

Checking parameters for BSIM 3.3 model nchor1ex
Warning: Pd = 0 is less than W.
Warning: Ps = 0 is less than W.

Checking parameters for BSIM 3.3 model nchor1ex
Warning: Pd = 0 is less than W.
Warning: Ps = 0 is less than W.

Initial Transient Solution
--------------------------

Node                                   Voltage
----                                   -------
vin                                         12
vdd                                          5
net2                                         0
net1                               5.90174e-07
vout                               5.90174e-07
l1#branch                          5.90174e-13
vclk#branch                                  0
vdd_src#branch                               0
vin_src#branch                    -2.46102e-11


No. of Data Rows : 861596
Note: Simulation executed from .control section 
