
Note: No compatibility mode selected!


Circuit: * tr10 inverter triangle-drive/load reproduction surrogate

Warning : voltage source vtri has non-increasing PWL time points.
Warning : voltage source vtri has non-increasing PWL time points.
Doing analysis at TEMP = 27.000000 and TNOM = 27.000000

Using SPARSE 1.3 as Direct Linear Solver

Initial Transient Solution
--------------------------

Node                                   Voltage
----                                   -------
vdd                                          5
in                                           0
out                                          5
vtri#branch                                  0
vdd#branch                        -5.10017e-10


No. of Data Rows : 3023

  Measurements for Transient Analysis

vout_min            =  -3.22824e-03 at=  3.15500e-06
vout_max            =  5.00764e+00 at=  2.15900e-06
trise               =  1.68712e-07 targ=  3.71245e-06 trig=  3.54373e-06
tfall               =  1.63472e-07 targ=  2.69818e-06 trig=  2.53471e-06

Doing analysis at TEMP = 27.000000 and TNOM = 27.000000

Using SPARSE 1.3 as Direct Linear Solver

Initial Transient Solution
--------------------------

Node                                   Voltage
----                                   -------
vdd                                          5
in                                           0
out                                          5
vtri#branch                                  0
vdd#branch                        -5.10017e-10


No. of Data Rows : 3023

  Measurements for Transient Analysis

vout_min            =  -3.22824e-03 at=  3.15500e-06
vout_max            =  5.00764e+00 at=  2.15900e-06
trise               =  1.68712e-07 targ=  3.71245e-06 trig=  3.54373e-06
tfall               =  1.63472e-07 targ=  2.69818e-06 trig=  2.53471e-06


Total analysis time (seconds) = 0.025386

Total elapsed time (seconds) = 0.037 

Total DRAM available = 8192.000 MB.
DRAM currently available = 2109.578 MB.
Maximum ngspice program size =   10.750 MB.
Current ngspice program size =   10.750 MB.

