
Note: No compatibility mode selected!


Circuit: * tr10-1 dcdc schematic-level surrogate.

Doing analysis at TEMP = 27.000000 and TNOM = 27.000000

Using SPARSE 1.3 as Direct Linear Solver
Operating point simulation skipped by 'uic',
  now using transient initial conditions.

No. of Data Rows : 60286

  Measurements for Transient Analysis

vout_final          =  6.36025e-07
vout_min            =  -7.03276e-05 at=  5.03904e-04
vout_max            =  2.75829e+00 at=  5.03975e-04
iin_avg             =  -1.38805e-03 from=  2.96413e-04 to=  5.92827e-04

Doing analysis at TEMP = 27.000000 and TNOM = 27.000000

Using SPARSE 1.3 as Direct Linear Solver
Operating point simulation skipped by 'uic',
  now using transient initial conditions.

No. of Data Rows : 60286

  Measurements for Transient Analysis

vout_final          =  6.36025e-07
vout_min            =  -7.03276e-05 at=  5.03904e-04
vout_max            =  2.75829e+00 at=  5.03975e-04
iin_avg             =  -1.38805e-03 from=  2.96413e-04 to=  5.92827e-04


Total analysis time (seconds) = 0.585774

Total elapsed time (seconds) = 0.596 

Total DRAM available = 8192.000 MB.
DRAM currently available = 2553.953 MB.
Maximum ngspice program size =   17.875 MB.
Current ngspice program size =   17.875 MB.

