
Note: No compatibility mode selected!


Circuit: * historical ishi-kai mos/passive models plus distributed engineering pex.

Doing analysis at TEMP = 27.000000 and TNOM = 27.000000

Using SPARSE 1.3 as Direct Linear Solver
Operating point simulation skipped by 'uic',
  now using transient initial conditions.

No. of Data Rows : 600033

  Measurements for Transient Analysis

t1                  =   1.60830e-04
t2                  =   1.80610e-04
period              =  1.97805e-05
freq                =  5.05549e+04
vout_min            =  -1.08720e-03 at=  4.95581e-04
vout_max            =  4.82714e+00 at=  2.40492e-04


Total analysis time (seconds) = 95.7077

Total elapsed time (seconds) = 95.738 

Total DRAM available = 8192.000 MB.
DRAM currently available = 2122.609 MB.
Maximum ngspice program size =   25.000 MB.
Current ngspice program size =   25.000 MB.

