
Note: No compatibility mode selected!


Circuit: * tr10 inverter triangle-drive/load reproduction surrogate

Warning : voltage source vtri has non-increasing PWL time points.
Warning : voltage source vtri has non-increasing PWL time points.
Doing analysis at TEMP = 27.000000 and TNOM = 27.000000

Using SPARSE 1.3 as Direct Linear Solver

Initial Transient Solution
--------------------------

Node                                   Voltage
----                                   -------
vdd                                          5
in                                           0
out                                          5
vtri#branch                                  0
vdd#branch                        -5.10017e-10


No. of Data Rows : 3023

  Measurements for Transient Analysis

vout_min            =  5.24486e-01 at=  5.45300e-06
vout_max            =  4.30042e+00 at=  2.46500e-06
trise               =  6.89358e-07 targ=  4.35938e-06 trig=  3.67002e-06
tfall               =  6.33351e-07 targ=  3.23492e-06 trig=  2.60157e-06

Doing analysis at TEMP = 27.000000 and TNOM = 27.000000

Using SPARSE 1.3 as Direct Linear Solver

Initial Transient Solution
--------------------------

Node                                   Voltage
----                                   -------
vdd                                          5
in                                           0
out                                          5
vtri#branch                                  0
vdd#branch                        -5.10017e-10


No. of Data Rows : 3023

  Measurements for Transient Analysis

vout_min            =  5.24486e-01 at=  5.45300e-06
vout_max            =  4.30042e+00 at=  2.46500e-06
trise               =  6.89358e-07 targ=  4.35938e-06 trig=  3.67002e-06
tfall               =  6.33351e-07 targ=  3.23492e-06 trig=  2.60157e-06


Total analysis time (seconds) = 0.027285

Total elapsed time (seconds) = 0.039 

Total DRAM available = 8192.000 MB.
DRAM currently available = 2109.578 MB.
Maximum ngspice program size =   10.750 MB.
Current ngspice program size =   10.750 MB.

