
Note: No compatibility mode selected!


Circuit: * tr10-1 dcdc schematic-level surrogate.

Doing analysis at TEMP = 27.000000 and TNOM = 27.000000

Using SPARSE 1.3 as Direct Linear Solver
Operating point simulation skipped by 'uic',
  now using transient initial conditions.

No. of Data Rows : 63583

  Measurements for Transient Analysis

vout_final          =  3.86994e+00
vout_min            =  3.82466e+00 at=  2.55556e-04
vout_max            =  3.87560e+00 at=  4.94454e-04
iin_avg             =  -2.65417e-08 from=  2.50000e-04 to=  5.00000e-04

Doing analysis at TEMP = 27.000000 and TNOM = 27.000000

Using SPARSE 1.3 as Direct Linear Solver
Operating point simulation skipped by 'uic',
  now using transient initial conditions.

No. of Data Rows : 63583

  Measurements for Transient Analysis

vout_final          =  3.86994e+00
vout_min            =  3.82466e+00 at=  2.55556e-04
vout_max            =  3.87560e+00 at=  4.94454e-04
iin_avg             =  -2.65417e-08 from=  2.50000e-04 to=  5.00000e-04


Total analysis time (seconds) = 0.677336

Total elapsed time (seconds) = 0.709 

Total DRAM available = 8192.000 MB.
DRAM currently available = 2543.125 MB.
Maximum ngspice program size =   17.812 MB.
Current ngspice program size =   17.812 MB.

