
Note: No compatibility mode selected!


Circuit: * tr10 inverter triangle-drive/load reproduction surrogate

Warning : voltage source vtri has non-increasing PWL time points.
Warning : voltage source vtri has non-increasing PWL time points.
Doing analysis at TEMP = 27.000000 and TNOM = 27.000000

Using SPARSE 1.3 as Direct Linear Solver

Initial Transient Solution
--------------------------

Node                                   Voltage
----                                   -------
vdd                                          5
in                                           0
out                                          5
vtri#branch                                  0
vdd#branch                        -5.10017e-10


No. of Data Rows : 1523

  Measurements for Transient Analysis

vout_min            =  5.25200e-01 at=  2.72700e-06
vout_max            =  4.30012e+00 at=  1.23500e-06
trise               =  3.46136e-07 targ=  2.18197e-06 trig=  1.83583e-06
tfall               =  3.17129e-07 targ=  1.61907e-06 trig=  1.30194e-06

Doing analysis at TEMP = 27.000000 and TNOM = 27.000000

Using SPARSE 1.3 as Direct Linear Solver

Initial Transient Solution
--------------------------

Node                                   Voltage
----                                   -------
vdd                                          5
in                                           0
out                                          5
vtri#branch                                  0
vdd#branch                        -5.10017e-10


No. of Data Rows : 1523

  Measurements for Transient Analysis

vout_min            =  5.25200e-01 at=  2.72700e-06
vout_max            =  4.30012e+00 at=  1.23500e-06
trise               =  3.46136e-07 targ=  2.18197e-06 trig=  1.83583e-06
tfall               =  3.17129e-07 targ=  1.61907e-06 trig=  1.30194e-06


Total analysis time (seconds) = 0.010773

Total elapsed time (seconds) = 0.021 

Total DRAM available = 8192.000 MB.
DRAM currently available = 2116.781 MB.
Maximum ngspice program size =   10.594 MB.
Current ngspice program size =   10.594 MB.

