
Note: No compatibility mode selected!


Circuit: * tr10-1 dcdc schematic-level surrogate.

Doing analysis at TEMP = 27.000000 and TNOM = 27.000000

Using SPARSE 1.3 as Direct Linear Solver
Operating point simulation skipped by 'uic',
  now using transient initial conditions.

No. of Data Rows : 102553

  Measurements for Transient Analysis

vout_final          =  2.78081e-05
vout_min            =  2.78081e-05 at=  4.95763e-04
vout_max            =  3.16868e+00 at=  9.17167e-04
iin_avg             =  -1.64751e-04 from=  4.95763e-04 to=  9.91527e-04

Doing analysis at TEMP = 27.000000 and TNOM = 27.000000

Using SPARSE 1.3 as Direct Linear Solver
Operating point simulation skipped by 'uic',
  now using transient initial conditions.

No. of Data Rows : 102553

  Measurements for Transient Analysis

vout_final          =  2.78081e-05
vout_min            =  2.78081e-05 at=  4.95763e-04
vout_max            =  3.16868e+00 at=  9.17167e-04
iin_avg             =  -1.64751e-04 from=  4.95763e-04 to=  9.91527e-04


Total analysis time (seconds) = 1.00848

Total elapsed time (seconds) = 1.018 

Total DRAM available = 8192.000 MB.
DRAM currently available = 2545.297 MB.
Maximum ngspice program size =   23.062 MB.
Current ngspice program size =   23.062 MB.

