
Note: No compatibility mode selected!


Circuit: * tr-1um canonical vco post-layout transient testbench.

Doing analysis at TEMP = 27.000000 and TNOM = 27.000000

Using SPARSE 1.3 as Direct Linear Solver
Operating point simulation skipped by 'uic',
  now using transient initial conditions.

No. of Data Rows : 13959

  Measurements for Transient Analysis

t1                  =   2.76607e-05
t2                  =   2.90788e-05
period              =  1.41810e-06
freq                =  7.05171e+05
vout_min            =  6.53918e-05 at=  1.02552e-04
vout_max            =  4.97031e+00 at=  1.35829e-04


Total analysis time (seconds) = 11.8686

Total elapsed time (seconds) = 11.892 

Total DRAM available = 8192.000 MB.
DRAM currently available = 1195.891 MB.
Maximum ngspice program size =   12.031 MB.
Current ngspice program size =    7.953 MB.

