
Note: No compatibility mode selected!


Circuit: * historical ishi-kai mos/passive models plus distributed engineering pex.

Doing analysis at TEMP = 27.000000 and TNOM = 27.000000

Using SPARSE 1.3 as Direct Linear Solver
Operating point simulation skipped by 'uic',
  now using transient initial conditions.

No. of Data Rows : 400028

  Measurements for Transient Analysis

t1                  =   7.91764e-05
t2                  =   8.95931e-05
period              =  1.04167e-05
freq                =  9.59993e+04
vout_min            =  -1.19981e-04 at=  3.81132e-04
vout_max            =  5.00394e+00 at=  3.95429e-04


Total analysis time (seconds) = 112.8

Total elapsed time (seconds) = 112.814 

Total DRAM available = 8192.000 MB.
DRAM currently available = 1908.797 MB.
Maximum ngspice program size =   17.656 MB.
Current ngspice program size =   17.656 MB.

