
Note: No compatibility mode selected!


Circuit: * tr10 inverter frequency/load reproduction surrogate

Doing analysis at TEMP = 27.000000 and TNOM = 27.000000

Using SPARSE 1.3 as Direct Linear Solver

Initial Transient Solution
--------------------------

Node                                   Voltage
----                                   -------
vdd                                          5
in                                           0
out                                          5
vin#branch                                   0
vdd#branch                        -5.10017e-10


No. of Data Rows : 1569

  Measurements for Transient Analysis

vout_min            =  -2.14754e-02 at=  3.02842e-06
vout_max            =  5.03975e+00 at=  4.01018e-06
trise               =  1.52855e-07 targ=  3.21927e-06 trig=  3.06642e-06
tfall               =  1.35187e-07 targ=  2.17930e-06 trig=  2.04412e-06

Doing analysis at TEMP = 27.000000 and TNOM = 27.000000

Using SPARSE 1.3 as Direct Linear Solver

Initial Transient Solution
--------------------------

Node                                   Voltage
----                                   -------
vdd                                          5
in                                           0
out                                          5
vin#branch                                   0
vdd#branch                        -5.10017e-10


No. of Data Rows : 1569

  Measurements for Transient Analysis

vout_min            =  -2.14754e-02 at=  3.02842e-06
vout_max            =  5.03975e+00 at=  4.01018e-06
trise               =  1.52855e-07 targ=  3.21927e-06 trig=  3.06642e-06
tfall               =  1.35187e-07 targ=  2.17930e-06 trig=  2.04412e-06


Total analysis time (seconds) = 0.012216

Total elapsed time (seconds) = 0.026 

Total DRAM available = 8192.000 MB.
DRAM currently available = 1699.484 MB.
Maximum ngspice program size =   10.625 MB.
Current ngspice program size =   10.625 MB.

