
Note: No compatibility mode selected!


Circuit: * tr10 inverter frequency/load reproduction surrogate

Doing analysis at TEMP = 27.000000 and TNOM = 27.000000

Using SPARSE 1.3 as Direct Linear Solver

Initial Transient Solution
--------------------------

Node                                   Voltage
----                                   -------
vdd                                          5
in                                           0
out                                          5
vin#branch                                   0
vdd#branch                        -5.10017e-10


No. of Data Rows : 1571

  Measurements for Transient Analysis

vout_min            =  -2.80029e-02 at=  1.51548e-06
vout_max            =  5.04308e+00 at=  2.00550e-06
trise               =  1.52821e-07 targ=  1.70235e-06 trig=  1.54953e-06
tfall               =  1.35151e-07 targ=  1.17218e-06 trig=  1.03702e-06

Doing analysis at TEMP = 27.000000 and TNOM = 27.000000

Using SPARSE 1.3 as Direct Linear Solver

Initial Transient Solution
--------------------------

Node                                   Voltage
----                                   -------
vdd                                          5
in                                           0
out                                          5
vin#branch                                   0
vdd#branch                        -5.10017e-10


No. of Data Rows : 1571

  Measurements for Transient Analysis

vout_min            =  -2.80029e-02 at=  1.51548e-06
vout_max            =  5.04308e+00 at=  2.00550e-06
trise               =  1.52821e-07 targ=  1.70235e-06 trig=  1.54953e-06
tfall               =  1.35151e-07 targ=  1.17218e-06 trig=  1.03702e-06


Total analysis time (seconds) = 0.010942

Total elapsed time (seconds) = 0.022 

Total DRAM available = 8192.000 MB.
DRAM currently available = 1674.641 MB.
Maximum ngspice program size =   10.578 MB.
Current ngspice program size =   10.578 MB.

