
Note: No compatibility mode selected!


Circuit: * tr-1um canonical vco post-layout transient testbench.

Doing analysis at TEMP = 27.000000 and TNOM = 27.000000

Using SPARSE 1.3 as Direct Linear Solver
Operating point simulation skipped by 'uic',
  now using transient initial conditions.

No. of Data Rows : 13958

  Measurements for Transient Analysis

t1                  =   2.78086e-05
t2                  =   2.92266e-05
period              =  1.41795e-06
freq                =  7.05242e+05
vout_min            =  1.06210e-01 at=  1.25234e-04
vout_max            =  4.38075e+00 at=  2.29342e-04


Total analysis time (seconds) = 12.4224

Total elapsed time (seconds) = 12.468 

Total DRAM available = 8192.000 MB.
DRAM currently available = 1322.625 MB.
Maximum ngspice program size =   11.938 MB.
Current ngspice program size =    7.750 MB.

