
Note: No compatibility mode selected!


Circuit: * tr10 inverter frequency/load reproduction surrogate

Doing analysis at TEMP = 27.000000 and TNOM = 27.000000

Using SPARSE 1.3 as Direct Linear Solver

Initial Transient Solution
--------------------------

Node                                   Voltage
----                                   -------
vdd                                          5
in                                           0
out                                          5
vin#branch                                   0
vdd#branch                        -5.10017e-10


No. of Data Rows : 1565

  Measurements for Transient Analysis

vout_min            =  -4.03067e-02 at=  5.02840e-06
vout_max            =  5.06877e+00 at=  4.01113e-06
trise               =  7.78369e-08 targ=  3.12938e-06 trig=  3.05155e-06
tfall               =  6.84216e-08 targ=  2.09915e-06 trig=  2.03073e-06

Doing analysis at TEMP = 27.000000 and TNOM = 27.000000

Using SPARSE 1.3 as Direct Linear Solver

Initial Transient Solution
--------------------------

Node                                   Voltage
----                                   -------
vdd                                          5
in                                           0
out                                          5
vin#branch                                   0
vdd#branch                        -5.10017e-10


No. of Data Rows : 1565

  Measurements for Transient Analysis

vout_min            =  -4.03067e-02 at=  5.02840e-06
vout_max            =  5.06877e+00 at=  4.01113e-06
trise               =  7.78369e-08 targ=  3.12938e-06 trig=  3.05155e-06
tfall               =  6.84216e-08 targ=  2.09915e-06 trig=  2.03073e-06


Total analysis time (seconds) = 0.017395

Total elapsed time (seconds) = 0.027 

Total DRAM available = 8192.000 MB.
DRAM currently available = 1699.484 MB.
Maximum ngspice program size =   10.500 MB.
Current ngspice program size =   10.500 MB.

