
Note: No compatibility mode selected!


Circuit: * tr10-1 converted vco pre simulation

Doing analysis at TEMP = 27.000000 and TNOM = 27.000000

Using SPARSE 1.3 as Direct Linear Solver
Operating point simulation skipped by 'uic',
  now using transient initial conditions.

No. of Data Rows : 5019

  Measurements for Transient Analysis


Error: measure  t1  when(WHEN) : out of interval
 .meas tran t1 when v(out)=2.5 rise=20 failed!


Error: measure  t2  when(WHEN) : out of interval
 .meas tran t2 when v(out)=2.5 rise=21 failed!

Error in netlist line no. 425, new internal line no. 10:

Undefined parameter [t2]
Error in netlist line no. 425, new internal line no. 10:

 Expression err: t2-t1}
Error in netlist line no. 425, new internal line no. 10:

Cannot compute substitute
period              =   failed
Error in netlist line no. 426, new internal line no. 11:

Undefined parameter [period]
Error in netlist line no. 426, new internal line no. 11:

Cannot compute substitute
freq                =   failed


Total analysis time (seconds) = 0.197599

Total elapsed time (seconds) = 0.226 

Total DRAM available = 8192.000 MB.
DRAM currently available = 1738.406 MB.
Maximum ngspice program size =   11.266 MB.
Current ngspice program size =   11.266 MB.

