
Note: No compatibility mode selected!


Circuit: * historical ishi-kai mos/passive models plus distributed engineering pex.

Doing analysis at TEMP = 27.000000 and TNOM = 27.000000

Using SPARSE 1.3 as Direct Linear Solver
Operating point simulation skipped by 'uic',
  now using transient initial conditions.

No. of Data Rows : 400031

  Measurements for Transient Analysis

t1                  =   8.56539e-05
t2                  =   9.67928e-05
period              =  1.11389e-05
freq                =  8.97754e+04
vout_min            =  -3.71414e-04 at=  2.63687e-04
vout_max            =  5.00758e+00 at=  1.00533e-04


Total analysis time (seconds) = 118.633

Total elapsed time (seconds) = 118.666 

Total DRAM available = 8192.000 MB.
DRAM currently available = 2065.406 MB.
Maximum ngspice program size =   23.172 MB.
Current ngspice program size =   21.578 MB.

