
Note: No compatibility mode selected!


Circuit: * tr10-2 source hierarchical opamp smoke bench

Doing analysis at TEMP = 27.000000 and TNOM = 27.000000

Using SPARSE 1.3 as Direct Linear Solver

Checking parameters for BSIM 3.3 model nmos_mst
Warning: Pd = 0 is less than W.
Warning: Ps = 0 is less than W.

Checking parameters for BSIM 3.3 model nmos_mst
Warning: Pd = 0 is less than W.
Warning: Ps = 0 is less than W.

Checking parameters for BSIM 3.3 model nmos_mst
Warning: Pd = 0 is less than W.
Warning: Ps = 0 is less than W.

Checking parameters for BSIM 3.3 model pmos_mst
Warning: Pd = 0 is less than W.
Warning: Ps = 0 is less than W.

Checking parameters for BSIM 3.3 model pmos_mst
Warning: Pd = 0 is less than W.
Warning: Ps = 0 is less than W.

Checking parameters for BSIM 3.3 model pmos_mst
Warning: Pd = 0 is less than W.
Warning: Ps = 0 is less than W.

Checking parameters for BSIM 3.3 model pmos_mst
Warning: Pd = 0 is less than W.
Warning: Ps = 0 is less than W.

Checking parameters for BSIM 3.3 model pmos_mst
Warning: Pd = 0 is less than W.
Warning: Ps = 0 is less than W.
Warning: can't parse 'vm': ignored
Warning: can't parse 'vp': ignored

No. of Data Rows : 101

  Measurements for AC Analysis

gain1k              =  3.32813e-53
phase_2m            =  3.14159e+00


Total analysis time (seconds) = 0.001093

Total elapsed time (seconds) = 0.019 

Total DRAM available = 8192.000 MB.
DRAM currently available = 1938.906 MB.
Maximum ngspice program size =   10.938 MB.
Current ngspice program size =   10.938 MB.

