
Note: No compatibility mode selected!


Circuit: * tr10 inverter triangle-drive/load reproduction surrogate

Warning : voltage source vtri has non-increasing PWL time points.
Warning : voltage source vtri has non-increasing PWL time points.
Doing analysis at TEMP = 27.000000 and TNOM = 27.000000

Using SPARSE 1.3 as Direct Linear Solver

Initial Transient Solution
--------------------------

Node                                   Voltage
----                                   -------
vdd                                          5
in                                           0
out                                          5
vtri#branch                                  0
vdd#branch                        -5.10017e-10


No. of Data Rows : 1523

  Measurements for Transient Analysis

vout_min            =  -8.23209e-03 at=  2.57700e-06
vout_max            =  5.01606e+00 at=  2.08300e-06
trise               =  3.43703e-08 targ=  1.78323e-06 trig=  1.74886e-06
tfall               =  3.04014e-08 targ=  1.27642e-06 trig=  1.24602e-06

Doing analysis at TEMP = 27.000000 and TNOM = 27.000000

Using SPARSE 1.3 as Direct Linear Solver

Initial Transient Solution
--------------------------

Node                                   Voltage
----                                   -------
vdd                                          5
in                                           0
out                                          5
vtri#branch                                  0
vdd#branch                        -5.10017e-10


No. of Data Rows : 1523

  Measurements for Transient Analysis

vout_min            =  -8.23209e-03 at=  2.57700e-06
vout_max            =  5.01606e+00 at=  2.08300e-06
trise               =  3.43703e-08 targ=  1.78323e-06 trig=  1.74886e-06
tfall               =  3.04014e-08 targ=  1.27642e-06 trig=  1.24602e-06


Total analysis time (seconds) = 0.01797

Total elapsed time (seconds) = 0.029 

Total DRAM available = 8192.000 MB.
DRAM currently available = 2109.578 MB.
Maximum ngspice program size =   10.641 MB.
Current ngspice program size =   10.641 MB.

