
Note: No compatibility mode selected!


Circuit: * tr10 inverter frequency/load reproduction surrogate

Doing analysis at TEMP = 27.000000 and TNOM = 27.000000

Using SPARSE 1.3 as Direct Linear Solver

Initial Transient Solution
--------------------------

Node                                   Voltage
----                                   -------
vdd                                          5
in                                           0
out                                          5
vin#branch                                   0
vdd#branch                        -5.10017e-10


No. of Data Rows : 1578

  Measurements for Transient Analysis

vout_min            =  -2.54702e-01 at=  3.02511e-06
vout_max            =  5.39329e+00 at=  4.00647e-06
trise               =  6.70232e-09 targ=  3.04005e-06 trig=  3.03335e-06
tfall               =  4.71228e-09 targ=  2.01873e-06 trig=  2.01402e-06

Doing analysis at TEMP = 27.000000 and TNOM = 27.000000

Using SPARSE 1.3 as Direct Linear Solver

Initial Transient Solution
--------------------------

Node                                   Voltage
----                                   -------
vdd                                          5
in                                           0
out                                          5
vin#branch                                   0
vdd#branch                        -5.10017e-10


No. of Data Rows : 1578

  Measurements for Transient Analysis

vout_min            =  -2.54702e-01 at=  3.02511e-06
vout_max            =  5.39329e+00 at=  4.00647e-06
trise               =  6.70232e-09 targ=  3.04005e-06 trig=  3.03335e-06
tfall               =  4.71228e-09 targ=  2.01873e-06 trig=  2.01402e-06


Total analysis time (seconds) = 0.011769

Total elapsed time (seconds) = 0.021 

Total DRAM available = 8192.000 MB.
DRAM currently available = 1699.484 MB.
Maximum ngspice program size =   10.562 MB.
Current ngspice program size =   10.562 MB.

