
Note: No compatibility mode selected!


Circuit: * tr10 inverter triangle-drive/load reproduction surrogate

Warning : voltage source vtri has non-increasing PWL time points.
Warning : voltage source vtri has non-increasing PWL time points.
Doing analysis at TEMP = 27.000000 and TNOM = 27.000000

Using SPARSE 1.3 as Direct Linear Solver

Initial Transient Solution
--------------------------

Node                                   Voltage
----                                   -------
vdd                                          5
in                                           0
out                                          5
vtri#branch                                  0
vdd#branch                        -5.10017e-10


No. of Data Rows : 1500023

  Measurements for Transient Analysis

vout_min            =  -3.76010e-06 at=  1.50606e-03
vout_max            =  5.00001e+00 at=  1.03539e-03
trise               =  1.92763e-05 targ=  1.76264e-03 trig=  1.74336e-03
tfall               =  1.92685e-05 targ=  1.25674e-03 trig=  1.23747e-03

Doing analysis at TEMP = 27.000000 and TNOM = 27.000000

Using SPARSE 1.3 as Direct Linear Solver

Initial Transient Solution
--------------------------

Node                                   Voltage
----                                   -------
vdd                                          5
in                                           0
out                                          5
vtri#branch                                  0
vdd#branch                        -5.10017e-10


No. of Data Rows : 1500023

  Measurements for Transient Analysis

vout_min            =  -3.76010e-06 at=  1.50606e-03
vout_max            =  5.00001e+00 at=  1.03539e-03
trise               =  1.92763e-05 targ=  1.76264e-03 trig=  1.74336e-03
tfall               =  1.92685e-05 targ=  1.25674e-03 trig=  1.23747e-03


Total analysis time (seconds) = 11.815

Total elapsed time (seconds) = 11.891 

Total DRAM available = 8192.000 MB.
DRAM currently available = 2121.688 MB.
Maximum ngspice program size =  102.266 MB.
Current ngspice program size =  102.266 MB.

