
Note: No compatibility mode selected!


Circuit: * tr10 inverter frequency/load reproduction surrogate

Doing analysis at TEMP = 27.000000 and TNOM = 27.000000

Using SPARSE 1.3 as Direct Linear Solver

Initial Transient Solution
--------------------------

Node                                   Voltage
----                                   -------
vdd                                          5
in                                           0
out                                          5
vin#branch                                   0
vdd#branch                        -5.10017e-10


No. of Data Rows : 1635

  Measurements for Transient Analysis

vout_min            =  -2.51847e-04 at=  2.51042e-03
vout_max            =  5.00203e+00 at=  1.51863e-03
trise               =  1.47554e-06 targ=  1.51617e-03 trig=  1.51469e-03
tfall               =  1.54155e-06 targ=  1.00617e-03 trig=  1.00463e-03

Doing analysis at TEMP = 27.000000 and TNOM = 27.000000

Using SPARSE 1.3 as Direct Linear Solver

Initial Transient Solution
--------------------------

Node                                   Voltage
----                                   -------
vdd                                          5
in                                           0
out                                          5
vin#branch                                   0
vdd#branch                        -5.10017e-10


No. of Data Rows : 1635

  Measurements for Transient Analysis

vout_min            =  -2.51847e-04 at=  2.51042e-03
vout_max            =  5.00203e+00 at=  1.51863e-03
trise               =  1.47554e-06 targ=  1.51617e-03 trig=  1.51469e-03
tfall               =  1.54155e-06 targ=  1.00617e-03 trig=  1.00463e-03


Total analysis time (seconds) = 0.013446

Total elapsed time (seconds) = 0.022 

Total DRAM available = 8192.000 MB.
DRAM currently available = 1699.484 MB.
Maximum ngspice program size =   10.531 MB.
Current ngspice program size =   10.531 MB.

