
Note: No compatibility mode selected!


Circuit: * tr10 inverter frequency/load reproduction surrogate

Doing analysis at TEMP = 27.000000 and TNOM = 27.000000

Using SPARSE 1.3 as Direct Linear Solver

Initial Transient Solution
--------------------------

Node                                   Voltage
----                                   -------
vdd                                          5
in                                           0
out                                          5
vin#branch                                   0
vdd#branch                        -5.10017e-10


No. of Data Rows : 1574

  Measurements for Transient Analysis

vout_min            =  -5.70012e-02 at=  1.51533e-06
vout_max            =  5.10035e+00 at=  2.00682e-06
trise               =  7.78058e-08 targ=  1.61255e-06 trig=  1.53475e-06
tfall               =  6.83518e-08 targ=  1.09230e-06 trig=  1.02395e-06

Doing analysis at TEMP = 27.000000 and TNOM = 27.000000

Using SPARSE 1.3 as Direct Linear Solver

Initial Transient Solution
--------------------------

Node                                   Voltage
----                                   -------
vdd                                          5
in                                           0
out                                          5
vin#branch                                   0
vdd#branch                        -5.10017e-10


No. of Data Rows : 1574

  Measurements for Transient Analysis

vout_min            =  -5.70012e-02 at=  1.51533e-06
vout_max            =  5.10035e+00 at=  2.00682e-06
trise               =  7.78058e-08 targ=  1.61255e-06 trig=  1.53475e-06
tfall               =  6.83518e-08 targ=  1.09230e-06 trig=  1.02395e-06


Total analysis time (seconds) = 0.015877

Total elapsed time (seconds) = 0.024 

Total DRAM available = 8192.000 MB.
DRAM currently available = 1674.641 MB.
Maximum ngspice program size =   10.562 MB.
Current ngspice program size =   10.562 MB.

