
Note: No compatibility mode selected!


Circuit: * tr10 inverter frequency/load reproduction surrogate

Doing analysis at TEMP = 27.000000 and TNOM = 27.000000

Using SPARSE 1.3 as Direct Linear Solver

Initial Transient Solution
--------------------------

Node                                   Voltage
----                                   -------
vdd                                          5
in                                           0
out                                          5
vin#branch                                   0
vdd#branch                        -5.10017e-10


No. of Data Rows : 1612

  Measurements for Transient Analysis

vout_min            =  -2.50919e-04 at=  1.51060e-03
vout_max            =  5.00075e+00 at=  2.00109e-03
trise               =  8.16191e-07 targ=  1.51549e-03 trig=  1.51468e-03
tfall               =  1.09009e-06 targ=  1.00579e-03 trig=  1.00470e-03

Doing analysis at TEMP = 27.000000 and TNOM = 27.000000

Using SPARSE 1.3 as Direct Linear Solver

Initial Transient Solution
--------------------------

Node                                   Voltage
----                                   -------
vdd                                          5
in                                           0
out                                          5
vin#branch                                   0
vdd#branch                        -5.10017e-10


No. of Data Rows : 1612

  Measurements for Transient Analysis

vout_min            =  -2.50919e-04 at=  1.51060e-03
vout_max            =  5.00075e+00 at=  2.00109e-03
trise               =  8.16191e-07 targ=  1.51549e-03 trig=  1.51468e-03
tfall               =  1.09009e-06 targ=  1.00579e-03 trig=  1.00470e-03


Total analysis time (seconds) = 0.01555

Total elapsed time (seconds) = 0.024 

Total DRAM available = 8192.000 MB.
DRAM currently available = 1699.484 MB.
Maximum ngspice program size =   10.531 MB.
Current ngspice program size =   10.531 MB.

