
Note: No compatibility mode selected!


Circuit: * historical ishi-kai mos/passive models plus distributed engineering pex.

Doing analysis at TEMP = 27.000000 and TNOM = 27.000000

Using SPARSE 1.3 as Direct Linear Solver
Operating point simulation skipped by 'uic',
  now using transient initial conditions.

No. of Data Rows : 300073

  Measurements for Transient Analysis

t1                  =   6.03168e-05
t2                  =   6.82594e-05
period              =  7.94260e-06
freq                =  1.25903e+05
vout_min            =  -1.93576e-04 at=  1.87308e-04
vout_max            =  5.00462e+00 at=  2.85671e-04


Total analysis time (seconds) = 92.041

Total elapsed time (seconds) = 92.070 

Total DRAM available = 8192.000 MB.
DRAM currently available = 2020.234 MB.
Maximum ngspice program size =   17.797 MB.
Current ngspice program size =   14.469 MB.

