
Note: No compatibility mode selected!


Circuit: * tr10-1 dcdc schematic-level surrogate.

Doing analysis at TEMP = 27.000000 and TNOM = 27.000000

Using SPARSE 1.3 as Direct Linear Solver
Operating point simulation skipped by 'uic',
  now using transient initial conditions.

No. of Data Rows : 62701

  Measurements for Transient Analysis

vout_final          =  2.90751e-05
vout_min            =  2.90751e-05 at=  3.85337e-04
vout_max            =  3.16868e+00 at=  3.40879e-04
iin_avg             =  -1.68991e-04 from=  2.96413e-04 to=  5.92827e-04

Doing analysis at TEMP = 27.000000 and TNOM = 27.000000

Using SPARSE 1.3 as Direct Linear Solver
Operating point simulation skipped by 'uic',
  now using transient initial conditions.

No. of Data Rows : 62701

  Measurements for Transient Analysis

vout_final          =  2.90751e-05
vout_min            =  2.90751e-05 at=  3.85337e-04
vout_max            =  3.16868e+00 at=  3.40879e-04
iin_avg             =  -1.68991e-04 from=  2.96413e-04 to=  5.92827e-04


Total analysis time (seconds) = 0.63205

Total elapsed time (seconds) = 0.642 

Total DRAM available = 8192.000 MB.
DRAM currently available = 2539.031 MB.
Maximum ngspice program size =   18.016 MB.
Current ngspice program size =   18.016 MB.

