
Note: No compatibility mode selected!


Circuit: * tr10-1 dcdc schematic-level surrogate.

Doing analysis at TEMP = 27.000000 and TNOM = 27.000000

Using SPARSE 1.3 as Direct Linear Solver
Operating point simulation skipped by 'uic',
  now using transient initial conditions.

No. of Data Rows : 59286249

  Measurements for Transient Analysis

vout_final          =  3.31291e+00
vout_min            =  3.31291e+00 at=  5.03903e-01
vout_max            =  4.02101e+00 at=  3.70517e-01
iin_avg             =  -7.39949e-09 from=  2.96413e-01 to=  5.92827e-01

Doing analysis at TEMP = 27.000000 and TNOM = 27.000000

Using SPARSE 1.3 as Direct Linear Solver
Operating point simulation skipped by 'uic',
  now using transient initial conditions.

No. of Data Rows : 59286249

  Measurements for Transient Analysis

vout_final          =  3.31291e+00
vout_min            =  3.31291e+00 at=  5.03903e-01
vout_max            =  4.02101e+00 at=  3.70517e-01
iin_avg             =  -7.39949e-09 from=  2.96413e-01 to=  5.92827e-01


Total analysis time (seconds) = 535.792

Total elapsed time (seconds) = 537.922 

Total DRAM available = 8192.000 MB.
DRAM currently available = 1503.484 MB.
Maximum ngspice program size = 1102.094 MB.
Current ngspice program size = 1054.500 MB.

