
Note: No compatibility mode selected!


Circuit: * tr-1um canonical vco post-layout transient testbench.

Doing analysis at TEMP = 27.000000 and TNOM = 27.000000

Using SPARSE 1.3 as Direct Linear Solver
Operating point simulation skipped by 'uic',
  now using transient initial conditions.

No. of Data Rows : 2657

  Measurements for Transient Analysis

t1                  =   1.05338e-05
t2                  =   1.19346e-05
period              =  1.40073e-06
freq                =  7.13915e+05
vout_min            =  -1.25662e-02 at=  2.24412e-05
vout_max            =  5.02434e+00 at=  1.75473e-05


Total analysis time (seconds) = 0.63413

Total elapsed time (seconds) = 0.649 

Total DRAM available = 8192.000 MB.
DRAM currently available = 1610.531 MB.
Maximum ngspice program size =   11.953 MB.
Current ngspice program size =   11.953 MB.

