
Note: No compatibility mode selected!


Circuit: * tr10 inverter frequency/load reproduction surrogate

Doing analysis at TEMP = 27.000000 and TNOM = 27.000000

Using SPARSE 1.3 as Direct Linear Solver

Initial Transient Solution
--------------------------

Node                                   Voltage
----                                   -------
vdd                                          5
in                                           0
out                                          5
vin#branch                                   0
vdd#branch                        -5.10017e-10


No. of Data Rows : 1595

  Measurements for Transient Analysis

vout_min            =  -2.45489e-04 at=  2.51060e-03
vout_max            =  5.00075e+00 at=  2.00099e-03
trise               =  7.98802e-07 targ=  1.51532e-03 trig=  1.51452e-03
tfall               =  8.31546e-07 targ=  1.00546e-03 trig=  1.00463e-03

Doing analysis at TEMP = 27.000000 and TNOM = 27.000000

Using SPARSE 1.3 as Direct Linear Solver

Initial Transient Solution
--------------------------

Node                                   Voltage
----                                   -------
vdd                                          5
in                                           0
out                                          5
vin#branch                                   0
vdd#branch                        -5.10017e-10


No. of Data Rows : 1595

  Measurements for Transient Analysis

vout_min            =  -2.45489e-04 at=  2.51060e-03
vout_max            =  5.00075e+00 at=  2.00099e-03
trise               =  7.98802e-07 targ=  1.51532e-03 trig=  1.51452e-03
tfall               =  8.31546e-07 targ=  1.00546e-03 trig=  1.00463e-03


Total analysis time (seconds) = 0.015513

Total elapsed time (seconds) = 0.025 

Total DRAM available = 8192.000 MB.
DRAM currently available = 1699.484 MB.
Maximum ngspice program size =   10.578 MB.
Current ngspice program size =   10.578 MB.

