
Note: No compatibility mode selected!


Circuit: * tr10-1 vco post-layout versus waveforms measurement comparison.

Doing analysis at TEMP = 27.000000 and TNOM = 27.000000

Using SPARSE 1.3 as Direct Linear Solver
Operating point simulation skipped by 'uic',
  now using transient initial conditions.

No. of Data Rows : 1425

  Measurements for Transient Analysis

t1                  =   2.01174e-06
t2                  =   3.42888e-06
period              =  1.41714e-06
freq                =  7.05647e+05
vout_min            =  -1.79991e-02 at=  2.25659e-05
vout_max            =  5.02323e+00 at=  1.19484e-05


Total analysis time (seconds) = 0.537885

Total elapsed time (seconds) = 0.569 

Total DRAM available = 8192.000 MB.
DRAM currently available = 2046.609 MB.
Maximum ngspice program size =   11.922 MB.
Current ngspice program size =   11.922 MB.

