
Note: No compatibility mode selected!


Circuit: * tr10-1 dcdc schematic-level surrogate.

Doing analysis at TEMP = 27.000000 and TNOM = 27.000000

Using SPARSE 1.3 as Direct Linear Solver
Operating point simulation skipped by 'uic',
  now using transient initial conditions.

No. of Data Rows : 52346

  Measurements for Transient Analysis

vout_final          =  8.00766e-07
vout_min            =  -7.02253e-05 at=  3.11112e-04
vout_max            =  3.16868e+00 at=  4.94445e-04
iin_avg             =  -1.82795e-04 from=  2.50000e-04 to=  5.00000e-04

Doing analysis at TEMP = 27.000000 and TNOM = 27.000000

Using SPARSE 1.3 as Direct Linear Solver
Operating point simulation skipped by 'uic',
  now using transient initial conditions.

No. of Data Rows : 52346

  Measurements for Transient Analysis

vout_final          =  8.00766e-07
vout_min            =  -7.02253e-05 at=  3.11112e-04
vout_max            =  3.16868e+00 at=  4.94445e-04
iin_avg             =  -1.82795e-04 from=  2.50000e-04 to=  5.00000e-04


Total analysis time (seconds) = 0.528352

Total elapsed time (seconds) = 0.538 

Total DRAM available = 8192.000 MB.
DRAM currently available = 2549.641 MB.
Maximum ngspice program size =   16.875 MB.
Current ngspice program size =   16.875 MB.

