
Note: No compatibility mode selected!


Circuit: * tr-1um canonical vco post-layout transient testbench.

Doing analysis at TEMP = 27.000000 and TNOM = 27.000000

Using SPARSE 1.3 as Direct Linear Solver
Operating point simulation skipped by 'uic',
  now using transient initial conditions.

No. of Data Rows : 13959

  Measurements for Transient Analysis

t1                  =   2.95122e-05
t2                  =   3.09274e-05
period              =  1.41527e-06
freq                =  7.06577e+05
vout_min            =  6.50876e-01 at=  1.20976e-04
vout_max            =  2.77112e+00 at=  2.22250e-04


Total analysis time (seconds) = 10.8793

Total elapsed time (seconds) = 10.916 

Total DRAM available = 8192.000 MB.
DRAM currently available = 1337.781 MB.
Maximum ngspice program size =   12.156 MB.
Current ngspice program size =    9.922 MB.

