
Note: No compatibility mode selected!


Circuit: * tr-1um canonical vco post-layout transient testbench.

Doing analysis at TEMP = 27.000000 and TNOM = 27.000000

Using SPARSE 1.3 as Direct Linear Solver
Operating point simulation skipped by 'uic',
  now using transient initial conditions.

No. of Data Rows : 15370

  Measurements for Transient Analysis

t1                  =   2.75241e-05
t2                  =   2.89399e-05
period              =  1.41579e-06
freq                =  7.06319e+05
vout_min            =  -1.87976e-03 at=  2.24376e-04
vout_max            =  5.04114e+00 at=  2.14570e-04


Total analysis time (seconds) = 9.41893

Total elapsed time (seconds) = 9.436 

Total DRAM available = 8192.000 MB.
DRAM currently available = 1466.531 MB.
Maximum ngspice program size =   12.375 MB.
Current ngspice program size =   10.938 MB.

