
Note: No compatibility mode selected!


Circuit: * tr10 inverter triangle-drive/load reproduction surrogate

Warning : voltage source vtri has non-increasing PWL time points.
Warning : voltage source vtri has non-increasing PWL time points.
Doing analysis at TEMP = 27.000000 and TNOM = 27.000000

Using SPARSE 1.3 as Direct Linear Solver

Initial Transient Solution
--------------------------

Node                                   Voltage
----                                   -------
vdd                                          5
in                                           0
out                                          5
vtri#branch                                  0
vdd#branch                        -5.10017e-10


No. of Data Rows : 1500023

  Measurements for Transient Analysis

vout_min            =  -3.76010e-06 at=  1.50608e-03
vout_max            =  5.00001e+00 at=  2.03541e-03
trise               =  1.92795e-05 targ=  1.76273e-03 trig=  1.74345e-03
tfall               =  1.92701e-05 targ=  1.25684e-03 trig=  1.23757e-03

Doing analysis at TEMP = 27.000000 and TNOM = 27.000000

Using SPARSE 1.3 as Direct Linear Solver

Initial Transient Solution
--------------------------

Node                                   Voltage
----                                   -------
vdd                                          5
in                                           0
out                                          5
vtri#branch                                  0
vdd#branch                        -5.10017e-10


No. of Data Rows : 1500023

  Measurements for Transient Analysis

vout_min            =  -3.76010e-06 at=  1.50608e-03
vout_max            =  5.00001e+00 at=  2.03541e-03
trise               =  1.92795e-05 targ=  1.76273e-03 trig=  1.74345e-03
tfall               =  1.92701e-05 targ=  1.25684e-03 trig=  1.23757e-03


Total analysis time (seconds) = 12.0446

Total elapsed time (seconds) = 12.117 

Total DRAM available = 8192.000 MB.
DRAM currently available = 1967.672 MB.
Maximum ngspice program size =  102.219 MB.
Current ngspice program size =  102.219 MB.

