
Note: No compatibility mode selected!

Warning: redefinition of .subckt f_csio_mst, ignored
Warning: redefinition of .subckt f_csio, ignored
Warning: redefinition of .subckt pmos, ignored
Warning: redefinition of .subckt nmos, ignored
Warning: redefinition of .subckt mpe, ignored
Warning: redefinition of .subckt mne, ignored
Warning: redefinition of .subckt f_rr, ignored
Warning: redefinition of .subckt f_rs_base, ignored
Warning: redefinition of .subckt f_rs, ignored

Circuit: * ohno opamp quantitative silicon-anchor experiment: op

Doing analysis at TEMP = 27.000000 and TNOM = 27.000000

Using SPARSE 1.3 as Direct Linear Solver
Warning: can't parse 'p7': ignored
Warning: can't parse 'p2': ignored
Warning: can't parse 'p5': ignored
Warning: can't parse 'p8': ignored
Warning: can't parse 'p3': ignored
Warning: can't parse 'p6': ignored
Warning: can't parse 'vdd_src#branch': ignored
Warning: can't parse 'ibias#branch': ignored
Warning: can't parse 'xu.x$1#branch': ignored
Warning: can't parse 'xu.x$34#branch': ignored
Warning: can't parse 'xu.x$53#branch': ignored
Warning: can't parse 'xu.x$77#branch': ignored
Warning: can't parse 'xu.c$52#branch': ignored

No. of Data Rows : 1
	Node                                  Voltage
	----                                  -------
	----	-------
	xu.p12:70                        0.000000e+00
	xu.p12:69                        0.000000e+00
	xu.p12:67                        0.000000e+00
	xu.p11:64                        2.500000e+00
	xu.p11:63                        2.500000e+00
	xu.p11:61                        2.500000e+00
	xu.p10:58                        2.500000e+00
	xu.p10:57                        2.500000e+00
	xu.p10:55                        2.500000e+00
	xu.p9:52                         4.999860e+00
	xu.p9:51                         4.999860e+00
	xu.p9:49                         4.999860e+00
	xu.p8:46                         9.120339e-01
	xu.p8:45                         9.120339e-01
	xu.p8:43                         9.120339e-01
	xu.p7:40                         2.065360e-01
	xu.p7:39                         2.065360e-01
	xu.p7:37                         2.065360e-01
	xu.p6:34                         3.234616e+00
	xu.p6:33                         3.234616e+00
	xu.p6:31                         3.234616e+00
	xu.p5:28                         9.120306e-01
	xu.p5:27                         9.120306e-01
	xu.p5:25                         9.120306e-01
	xu.p4:22                         9.119013e-01
	xu.p4:21                         9.119013e-01
	xu.p4:19                         9.119013e-01
	xu.p3:16                         2.151138e+00
	xu.p3:15                         2.151138e+00
	xu.p3:13                         2.151138e+00
	xu.p2:9                          9.120306e-01
	xu.p2:7                          9.120306e-01
	xu.p2:6                          9.120306e-01
	xu.p1:4                          4.096702e+00
	xu.p1:3                          4.096702e+00
	xu.p1:1                          4.096702e+00
	xu.p2:10                         9.120306e-01
	xu.p9:48                         4.999860e+00
	xu.p7:36                         2.065360e-01
	xu.p3:12                         2.151138e+00
	xu.p1:0                          4.096702e+00
	xu.p4:18                         9.119013e-01
	xu.p12:66                        0.000000e+00
	xu.p8:42                         9.120339e-01
	xu.p11:60                        2.500000e+00
	xu.p6:30                         3.234616e+00
	xu.p5:24                         9.120306e-01
	xu.p10:54                        2.500000e+00
	xu.p9:53                         4.999860e+00
	xu.p9:50                         4.999860e+00
	xu.p8:47                         9.120339e-01
	xu.p8:44                         9.120339e-01
	xu.p7:41                         2.065360e-01
	xu.p7:38                         2.065360e-01
	xu.p6:35                         3.234616e+00
	xu.p6:32                         3.234616e+00
	xu.p5:29                         9.120306e-01
	xu.p5:26                         9.120306e-01
	xu.p4:23                         9.119013e-01
	xu.p4:20                         9.119013e-01
	xu.p3:17                         2.151138e+00
	xu.p3:14                         2.151138e+00
	xu.p2:8                          9.120306e-01
	xu.p2:11                         9.120306e-01
	xu.p1:5                          4.096702e+00
	xu.p1:2                          4.096702e+00
	xu.p12:71                        0.000000e+00
	xu.p12:68                        0.000000e+00
	xu.p11:65                        2.500000e+00
	xu.p11:62                        2.500000e+00
	xu.p10:59                        2.500000e+00
	xu.p10:56                        2.500000e+00
	inn                              2.500000e+00
	inp                              2.500000e+00
	xu.p8                            9.120339e-01
	xu.p4                            9.119013e-01
	xu.p6                            3.234616e+00
	xu.p2                            9.120306e-01
	xu.p3                            2.151138e+00
	xu.p5                            9.120306e-01
	out                              2.065360e-01
	bias                             4.096702e+00
	pwr                              4.999860e+00
	pwr_src                          5.000000e+00

	Source	Current
	------	-------

	vdd_src#branch                   -1.39692e-04
	vbiasp#branch                    0.000000e+00
	vbiasn#branch                    0.000000e+00

 BSIM3 models (Berkeley Short Channel IGFET Model Version-3)
      model              pmos_mst              nmos_mst

     capmod                     2                     2
     mobmod                     1                     1
     noimod                     1                     1
     nqsmod                     0                     0
   acnqsmod                     0                     0
        acm                     0                     0
    calcacm                     0                     0
   paramchk                     0                     0
    binunit                     1                     1
    version                   3.3                   3.3
        tox              1.95e-08              1.95e-08
       toxm              1.95e-08              1.95e-08
       cdsc                  0.01                  0.01
      cdscb                     0           0.000770059
      cdscd                     0                     0
        cit                     0                     0
    nfactor                     2                     2
         xj               3.2e-07               3.4e-07
       vsat                700000                135539
         at                100000               80156.4
         a0               1.24985              0.856098
        ags              0.131047               0.11654
         a1                     0                     0
         a2                     1                   0.9
       keta             0.0135411                  0.05
       nsub                 6e+16                 6e+16
        nch               1.6e+17               3.2e+16
      ngate                     0                     0
     gamma1                     0                     0
     gamma2                     0                     0
        vbx                     0                     0
        vbm                    -3                    -3
         xt              1.55e-07              1.55e-07
         k1              0.865126              0.854475
        kt1             -0.506653             -0.464518
       kt1l                -1e-07                -1e-07
        kt2            -0.0438588            -0.0556928
         k2                     0            -0.0311518
         k3               19.9415               86.2769
        k3b                   -10                    10
         w0           3.12082e-06                 5e-05
        nlx           3.11982e-07           1.38901e-07
       dvt0               1.41234               1.01297
       dvt1              0.524423              0.348472
       dvt2             -0.031468            -0.0511863
      dvt0w                     0                     0
      dvt1w                     0                     0
      dvt2w                -0.032                -0.032
      drout              0.823024              0.850868
       dsub              0.567003              0.821574
       vth0             -0.678475              0.762948
         ua           1.77818e-09           2.05262e-09
        ua1           3.51352e-09            2.9856e-09
         ub           2.67881e-18                 1e-21
        ub1          -9.77898e-18          -9.01491e-18
         uc          -8.71484e-11           1.38707e-10
        uc1           -9.8421e-11                -1e-10
         u0             0.0196669             0.0668151
        ute              -1.00674              -1.70065
       voff                 -0.15                 -0.15
       tnom                300.15                300.15
       cgso           3.40001e-10           3.61251e-10
       cgdo           3.40001e-10           3.61251e-10
       cgbo           2.93397e-09           2.34057e-09
      xpart                     0                     0
        elm                     5                     5
      delta                  0.03             0.0147876
        rsh               44.9607                     0
       rdsw                1989.6               802.878
       prwg                -0.001             0.0727305
       prwb             0.0554082                   0.1
        prt                292.21                  -774
       eta0              0.159519              0.487318
       etab              -0.07722                  -0.2
       pclm               9.90814               1.33874
    pdiblc1                     1             0.0770736
    pdiblc2            0.00997756                 1e-05
    pdiblcb          -0.000118146                 1e-10
     pscbe1           5.67248e+09           4.96301e+08
     pscbe2           9.89777e-09                 0.001
       pvag               4.17315               2.71787
         js                0.0001                0.0001
        jsw                     0                     0
         pb                     1                     1
         nj                     1                     1
        xti                     3                     3
         mj                   0.5                   0.5
       pbsw                     1                     1
       mjsw                  0.33                  0.33
      pbswg                     1                     1
      mjswg                  0.33                  0.33
         cj               0.00102              0.000744
      vfbcv                    -1                    -1
        vfb                     0                     0
       cjsw                 5e-10                 5e-10
      cjswg                 5e-10                 5e-10
        tpb                     0                     0
        tcj                     0                     0
      tpbsw                     0                     0
      tcjsw                     0                     0
     tpbswg                     0                     0
     tcjswg                     0                     0
       acde                     1                     1
       moin                    15                    15
       noff                     1                     1
     voffcv                     0                     0
    lintnoi                     0                     0
       lint          -8.68261e-08          -1.03955e-07
         ll                     0                     0
        llc                     0                     0
        lln                     1                     1
         lw                     0                     0
        lwc                     0                     0
        lwn                     1                     1
        lwl                     0                     0
       lwlc                     0                     0
       lmin                     0                     0
       lmax                     1                     1
         xl                     0                     0
         xw                     0                     0
         wr                     1                     1
       wint           8.28413e-07           6.60865e-07
        dwg          -2.60218e-08          -7.69191e-09
        dwb           -4.2585e-08           3.86077e-08
         wl                     0                     0
        wlc                     0                     0
        wln                     1                     1
         ww                     0                     0
        wwc                     0                     0
        wwn                     1                     1
        wwl                     0                     0
       wwlc                     0                     0
       wmin                     0                     0
       wmax                     1                     1
         b0           8.23429e-09          -3.75624e-08
         b1                -1e-07                 1e-07
       cgsl              1.81e-09              2.02e-09
       cgdl              1.81e-09              2.02e-09
     ckappa                   0.6                   0.6
         cf           6.74591e-11           6.74591e-11
        clc                 1e-07                 1e-07
        cle                   0.6                   0.6
        dwc           8.28413e-07           6.60865e-07
        dlc          -8.68261e-08          -1.03955e-07
       hdif                     0                     0
       ldif                     0                     0
         ld                     0                     0
         rd                     0                     0
         rs                     0                     0
        rdc                     0                     0
        rsc                     0                     0
       wmlt                     1                     1
     alpha0                     0                     0
     alpha1                     0                     0
      beta0                    30                    30
       ijth                   0.1                   0.1
      lcdsc                     0                     0
     lcdscb                     0                     0
     lcdscd                     0                     0
       lcit                     0                     0
   lnfactor                     0                     0
        lxj                     0                     0
      lvsat                     0                     0
        lat                     0                     0
        la0                     0                     0
       lags                     0                     0
        la1                     0                     0
        la2                     0                     0
      lketa                     0                     0
      lnsub                     0                     0
       lnch                     0                     0
     lngate                     0                     0
    lgamma1                     0                     0
    lgamma2                     0                     0
       lvbx                     0                     0
       lvbm                     0                     0
        lxt                     0                     0
        lk1                     0                     0
       lkt1                     0                     0
      lkt1l                     0                     0
       lkt2                     0                     0
        lk2                     0                     0
        lk3                     0                     0
       lk3b                     0                     0
        lw0                     0                     0
       lnlx                     0                     0
      ldvt0                     0                     0
      ldvt1                     0                     0
      ldvt2                     0                     0
     ldvt0w                     0                     0
     ldvt1w                     0                     0
     ldvt2w                     0                     0
     ldrout                     0                     0
      ldsub                     0                     0
      lvth0                     0                     0
        lua                     0                     0
       lua1                     0                     0
        lub                     0                     0
       lub1                     0                     0
        luc                     0                     0
       luc1                     0                     0
        lu0                     0                     0
       lute                     0                     0
      lvoff                     0                     0
       lelm                     0                     0
     ldelta                     0                     0
      lrdsw                     0                     0
      lprwg                     0                     0
      lprwb                     0                     0
       lprt                     0                     0
      leta0                     0                     0
      letab                    -0                    -0
      lpclm                     0                     0
   lpdiblc1                     0                     0
   lpdiblc2                     0                     0
   lpdiblcb                     0                     0
    lpscbe1                     0                     0
    lpscbe2                     0                     0
      lpvag                     0                     0
        lwr                     0                     0
       ldwg                     0                     0
       ldwb                     0                     0
        lb0                     0                     0
        lb1                     0                     0
      lcgsl                     0                     0
      lcgdl                     0                     0
    lckappa                     0                     0
        lcf                     0                     0
       lclc                     0                     0
       lcle                     0                     0
    lalpha0                     0                     0
    lalpha1                     0                     0
     lbeta0                     0                     0
     lvfbcv                     0                     0
       lvfb                     0                     0
      lacde                     0                     0
      lmoin                     0                     0
      lnoff                     0                     0
    lvoffcv                     0                     0
      wcdsc                     0                     0
     wcdscb                     0                     0
     wcdscd                     0                     0
       wcit                     0                     0
   wnfactor                     0                     0
        wxj                     0                     0
      wvsat                     0                     0
        wat                     0                     0
        wa0                     0                     0
       wags                     0                     0
        wa1                     0                     0
        wa2                     0                     0
      wketa                     0                     0
      wnsub                     0                     0
       wnch                     0                     0
     wngate                     0                     0
    wgamma1                     0                     0
    wgamma2                     0                     0
       wvbx                     0                     0
       wvbm                     0                     0
        wxt                     0                     0
        wk1                     0                     0
       wkt1                     0                     0
      wkt1l                     0                     0
       wkt2                     0                     0
        wk2                     0                     0
        wk3                     0                     0
       wk3b                     0                     0
        ww0                     0                     0
       wnlx                     0                     0
      wdvt0                     0                     0
      wdvt1                     0                     0
      wdvt2                     0                     0
     wdvt0w                     0                     0
     wdvt1w                     0                     0
     wdvt2w                     0                     0
     wdrout                     0                     0
      wdsub                     0                     0
      wvth0                     0                     0
        wua                     0                     0
       wua1                     0                     0
        wub                     0                     0
       wub1                     0                     0
        wuc                     0                     0
       wuc1                     0                     0
        wu0                     0                     0
       wute                     0                     0
      wvoff                     0                     0
       welm                     0                     0
     wdelta                     0                     0
      wrdsw                     0                     0
      wprwg                     0                     0
      wprwb                     0                     0
       wprt                     0                     0
      weta0                     0                     0
      wetab                     0                     0
      wpclm                     0                     0
   wpdiblc1                     0                     0
   wpdiblc2                     0                     0
   wpdiblcb                     0                     0
    wpscbe1                     0                     0
    wpscbe2                     0                     0
      wpvag                     0                     0
        wwr                     0                     0
       wdwg                     0                     0
       wdwb                     0                     0
        wb0                     0                     0
        wb1                     0                     0
      wcgsl                     0                     0
      wcgdl                     0                     0
    wckappa                     0                     0
        wcf                     0                     0
       wclc                     0                     0
       wcle                     0                     0
    walpha0                     0                     0
    walpha1                     0                     0
     wbeta0                     0                     0
     wvfbcv                     0                     0
       wvfb                     0                     0
      wacde                     0                     0
      wmoin                     0                     0
      wnoff                     0                     0
    wvoffcv                     0                     0
      pcdsc                     0                     0
     pcdscb                     0                     0
     pcdscd                     0                     0
       pcit                     0                     0
   pnfactor                     0                     0
        pxj                     0                     0
      pvsat                     0                     0
        pat                     0                     0
        pa0                     0                     0
       pags                     0                     0
        pa1                     0                     0
        pa2                     0                     0
      pketa                     0                     0
      pnsub                     0                     0
       pnch                     0                     0
     pngate                     0                     0
    pgamma1                     0                     0
    pgamma2                     0                     0
       pvbx                     0                     0
       pvbm                     0                     0
        pxt                     0                     0
        pk1                     0                     0
       pkt1                     0                     0
      pkt1l                     0                     0
       pkt2                     0                     0
        pk2                     0                     0
        pk3                     0                     0
       pk3b                     0                     0
        pw0                     0                     0
       pnlx                     0                     0
      pdvt0                     0                     0
      pdvt1                     0                     0
      pdvt2                     0                     0
     pdvt0w                     0                     0
     pdvt1w                     0                     0
     pdvt2w                     0                     0
     pdrout                     0                     0
      pdsub                     0                     0
      pvth0                     0                     0
        pua                     0                     0
       pua1                     0                     0
        pub                     0                     0
       pub1                     0                     0
        puc                     0                     0
       puc1                     0                     0
        pu0                     0                     0
       pute                     0                     0
      pvoff                     0                     0
       pelm                     0                     0
     pdelta                     0                     0
      prdsw                     0                     0
      pprwg                     0                     0
      pprwb                     0                     0
       pprt                     0                     0
      peta0                     0                     0
      petab                     0                     0
      ppclm                     0                     0
   ppdiblc1                     0                     0
   ppdiblc2                     0                     0
   ppdiblcb                     0                     0
    ppscbe1                     0                     0
    ppscbe2                     0                     0
      ppvag                     0                     0
        pwr                     0                     0
       pdwg                     0                     0
       pdwb                     0                     0
        pb0                     0                     0
        pb1                     0                     0
      pcgsl                     0                     0
      pcgdl                     0                     0
    pckappa                     0                     0
        pcf                     0                     0
       pclc                     0                     0
       pcle                     0                     0
    palpha0                     0                     0
    palpha1                     0                     0
     pbeta0                     0                     0
     pvfbcv                     0                     0
       pvfb                     0                     0
      pacde                     0                     0
      pmoin                     0                     0
      pnoff                     0                     0
    pvoffcv                     0                     0
       noia               9.9e+18                 1e+20
       noib                  2400                 50000
       noic               1.4e-12              -1.4e-12
         em               4.1e+07               4.1e+07
         ef                     1                     1
         af                     1                     1
         kf                     0                     0
    vgs_max                 1e+99                 1e+99
    vgd_max                 1e+99                 1e+99
    vgb_max                 1e+99                 1e+99
    vds_max                 1e+99                 1e+99
    vbs_max                 1e+99                 1e+99
    vbd_max                 1e+99                 1e+99
   vgsr_max                 1e+99                 1e+99
   vgdr_max                 1e+99                 1e+99
   vgbr_max                 1e+99                 1e+99
   vbsr_max                 1e+99                 1e+99
   vbdr_max                 1e+99                 1e+99

 Capacitor models (Fixed capacitor)
      model                     C

        cap                     0
         cj                     0
       cjsw                     0
       defw                 1e-05
       defl                     0
     narrow                     0
      short                     0
        del                     0
        tc1                     0
        tc2                     0
         di                     0
      thick                     0
     bv_max                 1e+99

 Resistor models (Simple linear resistor)
      model                     R

        rsh                     0
     narrow                     0
      short                     0
        tc1                     0
        tc2                     0
        tce                     0
       defw                 1e-05
          l                 1e-05
         kf                     0
         af                     0
          r                     0
     bv_max                 1e+99
         lf                     1
         wf                     1
         ef                     1

 BSIM3: Berkeley Short Channel IGFET Model Version-3
     device          m.xu.x$77.m1          m.xu.x$53.m1          m.xu.x$34.m1
      model              pmos_mst              pmos_mst              pmos_mst
          l                 3e-06                 3e-06                 3e-06
          w               0.00072               0.00072               0.00054
          m                     1                     1                     1
         ad             1.158e-09             1.158e-09              8.88e-10
         as             1.158e-09             1.158e-09              8.88e-10
         pd             0.0008572             0.0008572             0.0006592
         ps             0.0008572             0.0008572             0.0006592
        nrd                     0                     0                     0
        nrs                     0                     0                     0
        off                     0                     0                     0
     nqsmod                     0                     0                     0
   acnqsmod                     0                     0                     0
        geo                     0                     0                     0
     delvto                     0                     0                     0
      mulu0                     1                     1                     1
      icvgs                     0                     0                     0
      icvds                     0                     0                     0
      icvbs                     0                     0                     0
       gmbs            9.5889e-05            9.5889e-05           0.000294023
         gm           0.000212651           0.000212651           0.000669233
        gds           2.72524e-07           2.72524e-07           1.13607e-06
      vdsat             0.0744322             0.0744322              0.155504
        vth              0.716958              0.716958              0.717107
         id           1.64802e-05           1.64802e-05           7.84756e-05
        vbs                    -0                    -0                    -0
        vgs              0.734616              0.734616              0.903158
        vds               2.32258               2.32259               4.79332
        ibd          -2.43838e-12          -2.43839e-12          -4.88212e-12
        ibs                     0                     0                     0
        gbd                 1e-12                 1e-12                 1e-12
        gbs           5.47723e-12           5.47723e-12           4.43332e-12
         qb          -5.89422e-12          -5.89422e-12          -6.11561e-12
        cqb                     0                     0                     0
         qg           3.06466e-12           3.06466e-12           1.83336e-12
        cqg                     0                     0                     0
         qd           4.08639e-12            4.0864e-12           5.59003e-12
        cqd                     0                     0                     0
        cgg           2.43572e-12           2.43572e-12           2.38119e-12
        cgd          -4.84007e-18          -4.84005e-18          -1.16152e-18
        cgs          -1.67854e-12          -1.67854e-12          -2.09263e-12
        cdg          -6.13771e-13          -6.13771e-13          -7.67505e-13
        cdd           7.01574e-18           7.01571e-18           2.03992e-18
        cds           9.19879e-13           9.19879e-13           1.13364e-12
        cbg          -9.01412e-13          -9.01412e-13          -4.62464e-13
        cbd          -3.67199e-18          -3.67198e-18          -1.03435e-18
        cbs          -6.20993e-13          -6.20993e-13          -7.41429e-13
      capbd           9.36374e-13           9.36373e-13           5.60908e-13
      capbs           1.60976e-12           1.60976e-12           1.23536e-12

 BSIM3: Berkeley Short Channel IGFET Model Version-3
     device          m.xu.x$31.m1          m.xu.x$15.m1          m.xu.x$11.m1
      model              pmos_mst              pmos_mst              pmos_mst
          l                 3e-06                 3e-06                 3e-06
          w                 9e-05               0.00024               0.00012
          m                     1                     1                     1
         ad              1.74e-10              3.99e-10              2.19e-10
         as              1.74e-10              3.99e-10              2.19e-10
         pd             0.0001316             0.0002966             0.0001646
         ps             0.0001316             0.0002966             0.0001646
        nrd                     0                     0                     0
        nrs                     0                     0                     0
        off                     0                     0                     0
     nqsmod                     0                     0                     0
   acnqsmod                     0                     0                     0
        geo                     0                     0                     0
     delvto                     0                     0                     0
      mulu0                     1                     1                     1
      icvgs                     0                     0                     0
      icvds                     0                     0                     0
      icvbs                     0                     0                     0
       gmbs           4.46914e-05           0.000123793           6.21716e-05
         gm           0.000101677           0.000282172           0.000141361
        gds           2.42826e-07           5.42502e-07           2.53724e-07
      vdsat              0.153746              0.155059              0.154268
        vth              0.720073              0.717857              0.719191
         id              1.18e-05           3.29604e-05            1.6456e-05
        vbs                    -0                    -0                    -0
        vgs              0.903158              0.903158              0.903158
        vds              0.903158               1.76524               2.84872
        ibd          -9.20558e-13          -1.80514e-12          -2.87062e-12
        ibs                     0                     0                     0
        gbd                 1e-12                 1e-12                 1e-12
        gbs           1.67274e-12           2.54267e-12           1.84673e-12
         qb            -5.986e-13          -1.85064e-12          -1.15763e-12
        cqb                     0                     0                     0
         qg            6.5299e-13           1.45117e-12           5.96641e-13
        cqg                     0                     0                     0
         qd           1.59667e-13           9.78094e-13           8.47949e-13
        cqd                     0                     0                     0
        cgg           3.90347e-13           1.05394e-12           5.22957e-13
        cgd          -5.00663e-17           -1.5967e-17          -1.68974e-18
        cgs          -3.43056e-13           -9.2624e-13           -4.5958e-13
        cdg           -1.2583e-13          -3.39696e-13          -1.68454e-13
        cdd           6.86831e-17            2.2173e-17            2.4258e-18
        cds           1.85995e-13           5.01867e-13           2.49008e-13
        cbg          -7.59995e-14          -2.04835e-13          -1.01846e-13
        cbd          -3.65017e-17           -1.1714e-17           -1.2722e-18
        cbs          -1.21682e-13           -3.2826e-13          -1.62909e-13
      capbd           1.81861e-13           3.50756e-13           1.66617e-13
      capbs            2.4328e-13            5.5528e-13            3.0568e-13

 BSIM3: Berkeley Short Channel IGFET Model Version-3
     device          m.xu.x$29.m1          m.xu.x$27.m1          m.xu.x$25.m1
      model              nmos_mst              nmos_mst              nmos_mst
          l                 3e-06                 3e-06                 3e-06
          w                 6e-05                 6e-05                 6e-05
          m                     1                     1                     1
         ad              1.29e-10              1.29e-10              1.29e-10
         as              1.29e-10              1.29e-10              1.29e-10
         pd              9.86e-05              9.86e-05              9.86e-05
         ps              9.86e-05              9.86e-05              9.86e-05
        nrd                     0                     0                     0
        nrs                     0                     0                     0
        off                     0                     0                     0
     nqsmod                     0                     0                     0
   acnqsmod                     0                     0                     0
        geo                     0                     0                     0
     delvto                     0                     0                     0
      mulu0                     1                     1                     1
      icvgs                     0                     0                     0
      icvds                     0                     0                     0
      icvbs                     0                     0                     0
       gmbs           8.14931e-05           8.14931e-05           8.14132e-05
         gm           0.000182371           0.000182371           0.000182191
        gds           3.05587e-07           3.05589e-07           3.05169e-07
      vdsat              0.133015              0.133015              0.132933
        vth               0.78971               0.78971               0.78971
         id           1.64802e-05           1.64802e-05            1.6456e-05
        vbs                     0                     0                     0
        vgs              0.912034              0.912034              0.911901
        vds              0.912034              0.912031              0.911901
        ibd          -9.24934e-13          -9.24931e-13          -9.24801e-13
        ibs                     0                     0                     0
        gbd                 1e-12                 1e-12                 1e-12
        gbs           1.49876e-12           1.49876e-12           1.49876e-12
         qb          -3.70549e-13          -3.70549e-13          -3.70528e-13
        cqb                     0                     0                     0
         qg           4.18405e-13           4.18406e-13           4.18352e-13
        cqg                     0                     0                     0
         qd           9.99314e-14           9.99306e-14            9.9928e-14
        cqd                     0                     0                     0
        cgg           2.53493e-13           2.53493e-13           2.53469e-13
        cgd          -2.23418e-17          -2.23421e-17          -2.23236e-17
        cgs          -2.09492e-13          -2.09492e-13          -2.09455e-13
        cdg          -8.38748e-14          -8.38748e-14          -8.38601e-14
        cdd           2.73022e-17           2.73025e-17           2.72799e-17
        cds           1.22394e-13           1.22394e-13           1.22373e-13
        cbg          -4.39382e-14          -4.39382e-14            -4.395e-14
        cbd          -1.19701e-17          -1.19702e-17          -1.19603e-17
        cbs          -9.63349e-14          -9.63349e-14          -9.63198e-14
      capbd           1.09215e-13           1.09215e-13           1.09219e-13
      capbs           1.45276e-13           1.45276e-13           1.45276e-13

 BSIM3: Berkeley Short Channel IGFET Model Version-3
     device          m.xu.x$23.m1          m.xu.x$10.m1           m.xu.x$1.m1
      model              nmos_mst              nmos_mst              nmos_mst
          l                 3e-06                 3e-06                 3e-06
          w                 6e-05                 3e-05               0.00027
          m                     1                     1                     1
         ad              1.29e-10               8.4e-11              4.44e-10
         as              1.29e-10               8.4e-11              4.44e-10
         pd              9.86e-05              6.56e-05             0.0003296
         ps              9.86e-05              6.56e-05             0.0003296
        nrd                     0                     0                     0
        nrs                     0                     0                     0
        off                     0                     0                     0
     nqsmod                     0                     0                     0
   acnqsmod                     0                     0                     0
        geo                     0                     0                     0
     delvto                     0                     0                     0
      mulu0                     1                     1                     1
      icvgs                     0                     0                     0
      icvds                     0                     0                     0
      icvbs                     0                     0                     0
       gmbs           5.47794e-05           2.08954e-12           0.000370827
         gm           0.000183743           6.96191e-12           0.000827812
        gds           1.99021e-07           9.75689e-05           3.21956e-05
      vdsat              0.139167              0.136497               0.13779
        vth                1.1187               1.12273              0.782003
         id            1.6456e-05           9.84094e-13           7.84756e-05
        vbs             -0.911901             -0.912031                     0
        vgs               1.23924               1.23911              0.912031
        vds               1.23924           1.00862e-08              0.206536
        ibd          -2.16404e-12          -9.20431e-13          -2.50921e-13
        ibs          -9.24801e-13          -9.20431e-13                     0
        gbd                 1e-12                 1e-12           1.00058e-12
        gbs                 1e-12                 1e-12           2.71666e-12
         qb          -7.31664e-13          -3.42863e-13          -1.25129e-12
        cqb                     0                     0                     0
         qg           5.91961e-13           3.87292e-13           2.35504e-12
        cqg                     0                     0                     0
         qd           2.20648e-13          -2.22145e-14          -4.22162e-13
        cqd                     0                     0                     0
        cgg           2.49931e-13           1.57084e-13           1.18451e-12
        cgd          -8.65678e-18          -6.53404e-14          -1.55188e-14
        cgs          -2.15562e-13          -8.51914e-14          -9.79055e-13
        cdg          -8.49738e-14          -7.74331e-14          -4.08512e-13
        cdd           1.02057e-17           6.35846e-14           1.82496e-14
        cds           1.10134e-13           3.67471e-14            5.7806e-13
        cbg          -3.75641e-14          -2.21733e-15          -1.88939e-13
        cbd           -4.0261e-18          -3.00364e-14          -8.31178e-15
        cbs           -5.9698e-14          -2.00951e-14          -4.50579e-13
      capbd           8.78227e-14           7.16803e-14           4.55635e-13
      capbs           1.09219e-13           7.16803e-14           4.95136e-13

 Capacitor: Fixed capacitor
     device                    cl c.xu.xpex_tr1um.cpex1 c.xu.xpex_tr1um.cpex1
      model                     C                     C                     C
capacitance                 1e-10              9.45e-19           1.53247e-13
      dtemp                     0                     0                     0
     bv_max                 1e+99                 1e+99                 1e+99
          i                     0                     0                     0
          p                     0                    -0                    -0

 Capacitor: Fixed capacitor
     device c.xu.xpex_tr1um.cpex1 c.xu.xpex_tr1um.cpex1 c.xu.xpex_tr1um.cpex1
      model                     C                     C                     C
capacitance              9.45e-19           1.52247e-13              9.45e-19
      dtemp                     0                     0                     0
     bv_max                 1e+99                 1e+99                 1e+99
          i                     0                     0                     0
          p                    -0                    -0                    -0

 Capacitor: Fixed capacitor
     device c.xu.xpex_tr1um.cpex1 c.xu.xpex_tr1um.cpex1 c.xu.xpex_tr1um.cpex1
      model                     C                     C                     C
capacitance           1.53247e-13              9.45e-19           1.51247e-13
      dtemp                     0                     0                     0
     bv_max                 1e+99                 1e+99                 1e+99
          i                     0                     0                     0
          p                    -0                    -0                    -0

 Capacitor: Fixed capacitor
     device c.xu.xpex_tr1um.cpex1 c.xu.xpex_tr1um.cpex1 c.xu.xpex_tr1um.cpex1
      model                     C                     C                     C
capacitance              9.45e-19           1.52247e-13              9.45e-19
      dtemp                     0                     0                     0
     bv_max                 1e+99                 1e+99                 1e+99
          i                     0                     0                     0
          p                     0                     0                     0

 Capacitor: Fixed capacitor
     device c.xu.xpex_tr1um.cpex1 c.xu.xpex_tr1um.cpex1 c.xu.xpex_tr1um.cpex1
      model                     C                     C                     C
capacitance           1.53247e-13              9.45e-19           1.50247e-13
      dtemp                     0                     0                     0
     bv_max                 1e+99                 1e+99                 1e+99
          i                     0                     0                     0
          p                     0                    -0                    -0

 Capacitor: Fixed capacitor
     device c.xu.xpex_tr1um.cpex1 c.xu.xpex_tr1um.cpex1 c.xu.xpex_tr1um.cpex1
      model                     C                     C                     C
capacitance              9.45e-19           1.51247e-13              9.45e-19
      dtemp                     0                     0                     0
     bv_max                 1e+99                 1e+99                 1e+99
          i                     0                     0                     0
          p                    -0                    -0                     0

 Capacitor: Fixed capacitor
     device c.xu.xpex_tr1um.cpex1 c.xu.xpex_tr1um.cpex1 c.xu.xpex_tr1um.cpex1
      model                     C                     C                     C
capacitance           1.52247e-13              9.45e-19           1.53247e-13
      dtemp                     0                     0                     0
     bv_max                 1e+99                 1e+99                 1e+99
          i                     0                     0                     0
          p                     0                    -0                    -0

 Capacitor: Fixed capacitor
     device c.xu.xpex_tr1um.cpex1 c.xu.xpex_tr1um.cpex1 c.xu.xpex_tr1um.cpex1
      model                     C                     C                     C
capacitance             1.212e-13             5.454e-13              9.45e-19
      dtemp                     0                     0                     0
     bv_max                 1e+99                 1e+99                 1e+99
          i                     0                     0                     0
          p                    -0                     0                    -0

 Capacitor: Fixed capacitor
     device c.xu.xpex_tr1um.cpex1 c.xu.xpex_tr1um.cpex1 c.xu.xpex_tr1um.cpex1
      model                     C                     C                     C
capacitance           1.49247e-13              9.45e-19           1.50247e-13
      dtemp                     0                     0                     0
     bv_max                 1e+99                 1e+99                 1e+99
          i                     0                     0                     0
          p                    -0                    -0                    -0

 Capacitor: Fixed capacitor
     device c.xu.xpex_tr1um.cpex1 c.xu.xpex_tr1um.cpex1 c.xu.xpex_tr1um.cpex1
      model                     C                     C                     C
capacitance              9.45e-19           1.51247e-13              9.45e-19
      dtemp                     0                     0                     0
     bv_max                 1e+99                 1e+99                 1e+99
          i                     0                     0                     0
          p                     0                     0                    -0

 Capacitor: Fixed capacitor
     device c.xu.xpex_tr1um.cpex1 c.xu.xpex_tr1um.cpex1 c.xu.xpex_tr1um.cpex1
      model                     C                     C                     C
capacitance           1.52247e-13              9.45e-19           1.53247e-13
      dtemp                     0                     0                     0
     bv_max                 1e+99                 1e+99                 1e+99
          i                     0                     0                     0
          p                    -0                    -0                    -0

 Capacitor: Fixed capacitor
     device c.xu.xpex_tr1um.cpex1 c.xu.xpex_tr1um.cpex1 c.xu.xpex_tr1um.cpex1
      model                     C                     C                     C
capacitance              9.45e-19           1.48247e-13              9.45e-19
      dtemp                     0                     0                     0
     bv_max                 1e+99                 1e+99                 1e+99
          i                     0                     0                     0
          p                    -0                    -0                     0

 Capacitor: Fixed capacitor
     device c.xu.xpex_tr1um.cpex1 c.xu.xpex_tr1um.cpex1 c.xu.xpex_tr1um.cpex1
      model                     C                     C                     C
capacitance           1.49247e-13              9.45e-19           1.50247e-13
      dtemp                     0                     0                     0
     bv_max                 1e+99                 1e+99                 1e+99
          i                     0                     0                     0
          p                     0                     0                     0

 Capacitor: Fixed capacitor
     device c.xu.xpex_tr1um.cpex1 c.xu.xpex_tr1um.cpex1 c.xu.xpex_tr1um.cpex1
      model                     C                     C                     C
capacitance              9.45e-19           1.51247e-13              9.45e-19
      dtemp                     0                     0                     0
     bv_max                 1e+99                 1e+99                 1e+99
          i                     0                     0                     0
          p                    -0                    -0                     0

 Capacitor: Fixed capacitor
     device c.xu.xpex_tr1um.cpex1 c.xu.xpex_tr1um.cpex1 c.xu.xpex_tr1um.cpex1
      model                     C                     C                     C
capacitance           1.52247e-13              9.45e-19           1.53247e-13
      dtemp                     0                     0                     0
     bv_max                 1e+99                 1e+99                 1e+99
          i                     0                     0                     0
          p                     0                     0                     0

 Capacitor: Fixed capacitor
     device c.xu.xpex_tr1um.cpex1 c.xu.xpex_tr1um.cpex1 c.xu.xpex_tr1um.cpex1
      model                     C                     C                     C
capacitance              6.06e-14             1.212e-13              9.45e-19
      dtemp                     0                     0                     0
     bv_max                 1e+99                 1e+99                 1e+99
          i                     0                     0                     0
          p                     0                     0                    -0

 Capacitor: Fixed capacitor
     device c.xu.xpex_tr1um.cpex1 c.xu.xpex_tr1um.cpex1 c.xu.xpex_tr1um.cpex1
      model                     C                     C                     C
capacitance           1.47247e-13              9.45e-19           1.48247e-13
      dtemp                     0                     0                     0
     bv_max                 1e+99                 1e+99                 1e+99
          i                     0                     0                     0
          p                    -0                    -0                    -0

 Capacitor: Fixed capacitor
     device c.xu.xpex_tr1um.cpex1 c.xu.xpex_tr1um.cpex1 c.xu.xpex_tr1um.cpex1
      model                     C                     C                     C
capacitance              9.45e-19           1.49247e-13              9.45e-19
      dtemp                     0                     0                     0
     bv_max                 1e+99                 1e+99                 1e+99
          i                     0                     0                     0
          p                     0                     0                    -0

 Capacitor: Fixed capacitor
     device c.xu.xpex_tr1um.cpex1 c.xu.xpex_tr1um.cpex1 c.xu.xpex_tr1um.cpex1
      model                     C                     C                     C
capacitance           1.50247e-13              9.45e-19           1.51247e-13
      dtemp                     0                     0                     0
     bv_max                 1e+99                 1e+99                 1e+99
          i                     0                     0                     0
          p                    -0                    -0                    -0

 Capacitor: Fixed capacitor
     device c.xu.xpex_tr1um.cpex1 c.xu.xpex_tr1um.cpex1 c.xu.xpex_tr1um.cpex1
      model                     C                     C                     C
capacitance              9.45e-19           1.52247e-13              9.45e-19
      dtemp                     0                     0                     0
     bv_max                 1e+99                 1e+99                 1e+99
          i                     0                     0                     0
          p                     0                     0                    -0

 Capacitor: Fixed capacitor
     device c.xu.xpex_tr1um.cpex1 c.xu.xpex_tr1um.cpex1 c.xu.xpex_tr1um.cpex1
      model                     C                     C                     C
capacitance           1.53247e-13              6.06e-14              9.45e-19
      dtemp                     0                     0                     0
     bv_max                 1e+99                 1e+99                 1e+99
          i                     0                     0                     0
          p                    -0                    -0                    -0

 Capacitor: Fixed capacitor
     device c.xu.xpex_tr1um.cpex1 c.xu.xpex_tr1um.cpex1 c.xu.xpex_tr1um.cpex1
      model                     C                     C                     C
capacitance           1.46247e-13              9.45e-19           1.47247e-13
      dtemp                     0                     0                     0
     bv_max                 1e+99                 1e+99                 1e+99
          i                     0                     0                     0
          p                    -0                     0                     0

 Capacitor: Fixed capacitor
     device c.xu.xpex_tr1um.cpex1 c.xu.xpex_tr1um.cpex1 c.xu.xpex_tr1um.cpex1
      model                     C                     C                     C
capacitance              9.45e-19           1.48247e-13              9.45e-19
      dtemp                     0                     0                     0
     bv_max                 1e+99                 1e+99                 1e+99
          i                     0                     0                     0
          p                     0                     0                     0

 Capacitor: Fixed capacitor
     device c.xu.xpex_tr1um.cpex1 c.xu.xpex_tr1um.cpex1 c.xu.xpex_tr1um.cpex1
      model                     C                     C                     C
capacitance           1.49247e-13              9.45e-19           1.50247e-13
      dtemp                     0                     0                     0
     bv_max                 1e+99                 1e+99                 1e+99
          i                     0                     0                     0
          p                     0                     0                     0

 Capacitor: Fixed capacitor
     device c.xu.xpex_tr1um.cpex1 c.xu.xpex_tr1um.cpex1 c.xu.xpex_tr1um.cpex9
      model                     C                     C                     C
capacitance              9.45e-19           1.51247e-13              9.45e-19
      dtemp                     0                     0                     0
     bv_max                 1e+99                 1e+99                 1e+99
          i                     0                     0                     0
          p                     0                     0                     0

 Capacitor: Fixed capacitor
     device c.xu.xpex_tr1um.cpex9 c.xu.xpex_tr1um.cpex9 c.xu.xpex_tr1um.cpex9
      model                     C                     C                     C
capacitance           1.52247e-13           1.53247e-13              9.45e-19
      dtemp                     0                     0                     0
     bv_max                 1e+99                 1e+99                 1e+99
          i                     0                     0                     0
          p                     0                     0                     0

 Capacitor: Fixed capacitor
     device c.xu.xpex_tr1um.cpex9 c.xu.xpex_tr1um.cpex9 c.xu.xpex_tr1um.cpex9
      model                     C                     C                     C
capacitance            1.7919e-12             9.774e-13             4.344e-13
      dtemp                     0                     0                     0
     bv_max                 1e+99                 1e+99                 1e+99
          i                     0                     0                     0
          p                    -0                     0                     0

 Capacitor: Fixed capacitor
     device c.xu.xpex_tr1um.cpex9 c.xu.xpex_tr1um.cpex9 c.xu.xpex_tr1um.cpex9
      model                     C                     C                     C
capacitance             2.172e-13              9.45e-19              9.45e-19
      dtemp                     0                     0                     0
     bv_max                 1e+99                 1e+99                 1e+99
          i                     0                     0                     0
          p                     0                    -0                    -0

 Capacitor: Fixed capacitor
     device c.xu.xpex_tr1um.cpex8 c.xu.xpex_tr1um.cpex8 c.xu.xpex_tr1um.cpex8
      model                     C                     C                     C
capacitance              9.45e-19              9.45e-19              9.45e-19
      dtemp                     0                     0                     0
     bv_max                 1e+99                 1e+99                 1e+99
          i                     0                     0                     0
          p                    -0                    -0                    -0

 Capacitor: Fixed capacitor
     device c.xu.xpex_tr1um.cpex8 c.xu.xpex_tr1um.cpex8 c.xu.xpex_tr1um.cpex8
      model                     C                     C                     C
capacitance              9.45e-19              9.45e-19              9.45e-19
      dtemp                     0                     0                     0
     bv_max                 1e+99                 1e+99                 1e+99
          i                     0                     0                     0
          p                    -0                    -0                    -0

 Capacitor: Fixed capacitor
     device c.xu.xpex_tr1um.cpex8 c.xu.xpex_tr1um.cpex8 c.xu.xpex_tr1um.cpex8
      model                     C                     C                     C
capacitance              9.45e-19           1.51247e-13           1.50247e-13
      dtemp                     0                     0                     0
     bv_max                 1e+99                 1e+99                 1e+99
          i                     0                     0                     0
          p                    -0                    -0                    -0

 Capacitor: Fixed capacitor
     device c.xu.xpex_tr1um.cpex8 c.xu.xpex_tr1um.cpex7 c.xu.xpex_tr1um.cpex7
      model                     C                     C                     C
capacitance           1.49247e-13           1.48247e-13           1.47247e-13
      dtemp                     0                     0                     0
     bv_max                 1e+99                 1e+99                 1e+99
          i                     0                     0                     0
          p                    -0                    -0                    -0

 Capacitor: Fixed capacitor
     device c.xu.xpex_tr1um.cpex7 c.xu.xpex_tr1um.cpex7 c.xu.xpex_tr1um.cpex7
      model                     C                     C                     C
capacitance           1.46247e-13           1.45247e-13           1.44247e-13
      dtemp                     0                     0                     0
     bv_max                 1e+99                 1e+99                 1e+99
          i                     0                     0                     0
          p                    -0                    -0                    -0

 Capacitor: Fixed capacitor
     device c.xu.xpex_tr1um.cpex7 c.xu.xpex_tr1um.cpex7 c.xu.xpex_tr1um.cpex7
      model                     C                     C                     C
capacitance           1.43247e-13             2.424e-13             5.454e-13
      dtemp                     0                     0                     0
     bv_max                 1e+99                 1e+99                 1e+99
          i                     0                     0                     0
          p                    -0                    -0                    -0

 Capacitor: Fixed capacitor
     device c.xu.xpex_tr1um.cpex7 c.xu.xpex_tr1um.cpex7 c.xu.xpex_tr1um.cpex6
      model                     C                     C                     C
capacitance             1.212e-13              9.45e-19              9.45e-19
      dtemp                     0                     0                     0
     bv_max                 1e+99                 1e+99                 1e+99
          i                     0                     0                     0
          p                    -0                    -0                     0

 Capacitor: Fixed capacitor
     device c.xu.xpex_tr1um.cpex6 c.xu.xpex_tr1um.cpex6 c.xu.xpex_tr1um.cpex6
      model                     C                     C                     C
capacitance              9.45e-19              9.45e-19              9.45e-19
      dtemp                     0                     0                     0
     bv_max                 1e+99                 1e+99                 1e+99
          i                     0                     0                     0
          p                     0                    -0                     0

 Capacitor: Fixed capacitor
     device c.xu.xpex_tr1um.cpex6 c.xu.xpex_tr1um.cpex6 c.xu.xpex_tr1um.cpex6
      model                     C                     C                     C
capacitance              9.45e-19              9.45e-19              9.45e-19
      dtemp                     0                     0                     0
     bv_max                 1e+99                 1e+99                 1e+99
          i                     0                     0                     0
          p                     0                     0                     0

 Capacitor: Fixed capacitor
     device c.xu.xpex_tr1um.cpex6 c.xu.xpex_tr1um.cpex6 c.xu.xpex_tr1um.cpex6
      model                     C                     C                     C
capacitance              9.45e-19           1.52247e-13           1.51247e-13
      dtemp                     0                     0                     0
     bv_max                 1e+99                 1e+99                 1e+99
          i                     0                     0                     0
          p                    -0                    -0                     0

 Capacitor: Fixed capacitor
     device c.xu.xpex_tr1um.cpex5 c.xu.xpex_tr1um.cpex5 c.xu.xpex_tr1um.cpex5
      model                     C                     C                     C
capacitance           1.50247e-13           1.49247e-13           1.48247e-13
      dtemp                     0                     0                     0
     bv_max                 1e+99                 1e+99                 1e+99
          i                     0                     0                     0
          p                     0                    -0                     0

 Capacitor: Fixed capacitor
     device c.xu.xpex_tr1um.cpex5 c.xu.xpex_tr1um.cpex5 c.xu.xpex_tr1um.cpex5
      model                     C                     C                     C
capacitance           1.47247e-13           1.46247e-13           1.45247e-13
      dtemp                     0                     0                     0
     bv_max                 1e+99                 1e+99                 1e+99
          i                     0                     0                     0
          p                     0                     0                     0

 Capacitor: Fixed capacitor
     device c.xu.xpex_tr1um.cpex5 c.xu.xpex_tr1um.cpex5 c.xu.xpex_tr1um.cpex5
      model                     C                     C                     C
capacitance           1.44247e-13              9.45e-19           1.53247e-13
      dtemp                     0                     0                     0
     bv_max                 1e+99                 1e+99                 1e+99
          i                     0                     0                     0
          p                    -0                     0                     0

 Capacitor: Fixed capacitor
     device c.xu.xpex_tr1um.cpex5 c.xu.xpex_tr1um.cpex4 c.xu.xpex_tr1um.cpex4
      model                     C                     C                     C
capacitance            1.3032e-12            1.3032e-12              9.45e-19
      dtemp                     0                     0                     0
     bv_max                 1e+99                 1e+99                 1e+99
          i                     0                     0                     0
          p                     0                    -0                    -0

 Capacitor: Fixed capacitor
     device c.xu.xpex_tr1um.cpex4 c.xu.xpex_tr1um.cpex4 c.xu.xpex_tr1um.cpex4
      model                     C                     C                     C
capacitance              9.45e-19              9.45e-19              9.45e-19
      dtemp                     0                     0                     0
     bv_max                 1e+99                 1e+99                 1e+99
          i                     0                     0                     0
          p                     0                     0                    -0

 Capacitor: Fixed capacitor
     device c.xu.xpex_tr1um.cpex4 c.xu.xpex_tr1um.cpex4 c.xu.xpex_tr1um.cpex4
      model                     C                     C                     C
capacitance              9.45e-19              9.45e-19              9.45e-19
      dtemp                     0                     0                     0
     bv_max                 1e+99                 1e+99                 1e+99
          i                     0                     0                     0
          p                     0                     0                     0

 Capacitor: Fixed capacitor
     device c.xu.xpex_tr1um.cpex4 c.xu.xpex_tr1um.cpex4 c.xu.xpex_tr1um.cpex3
      model                     C                     C                     C
capacitance              9.45e-19              9.45e-19           1.53247e-13
      dtemp                     0                     0                     0
     bv_max                 1e+99                 1e+99                 1e+99
          i                     0                     0                     0
          p                     0                    -0                    -0

 Capacitor: Fixed capacitor
     device c.xu.xpex_tr1um.cpex3 c.xu.xpex_tr1um.cpex3 c.xu.xpex_tr1um.cpex3
      model                     C                     C                     C
capacitance           1.52247e-13           1.51247e-13           1.50247e-13
      dtemp                     0                     0                     0
     bv_max                 1e+99                 1e+99                 1e+99
          i                     0                     0                     0
          p                     0                     0                    -0

 Capacitor: Fixed capacitor
     device c.xu.xpex_tr1um.cpex3 c.xu.xpex_tr1um.cpex3 c.xu.xpex_tr1um.cpex3
      model                     C                     C                     C
capacitance           1.49247e-13           1.48247e-13           1.47247e-13
      dtemp                     0                     0                     0
     bv_max                 1e+99                 1e+99                 1e+99
          i                     0                     0                     0
          p                     0                     0                     0

 Capacitor: Fixed capacitor
     device c.xu.xpex_tr1um.cpex3 c.xu.xpex_tr1um.cpex3 c.xu.xpex_tr1um.cpex3
      model                     C                     C                     C
capacitance           1.46247e-13           1.45247e-13              9.45e-19
      dtemp                     0                     0                     0
     bv_max                 1e+99                 1e+99                 1e+99
          i                     0                     0                     0
          p                     0                    -0                     0

 Capacitor: Fixed capacitor
     device c.xu.xpex_tr1um.cpex2 c.xu.xpex_tr1um.cpex2 c.xu.xpex_tr1um.cpex2
      model                     C                     C                     C
capacitance           1.52247e-13              9.45e-19           1.53247e-13
      dtemp                     0                     0                     0
     bv_max                 1e+99                 1e+99                 1e+99
          i                     0                     0                     0
          p                     0                     0                     0

 Capacitor: Fixed capacitor
     device c.xu.xpex_tr1um.cpex2 c.xu.xpex_tr1um.cpex2 c.xu.xpex_tr1um.cpex2
      model                     C                     C                     C
capacitance            1.3032e-12            1.3032e-12           4.55731e-14
      dtemp                     0                     0                     0
     bv_max                 1e+99                 1e+99                 1e+99
          i                     0                     0                     0
          p                    -0                     0                     0

 Capacitor: Fixed capacitor
     device c.xu.xpex_tr1um.cpex2 c.xu.xpex_tr1um.cpex2 c.xu.xpex_tr1um.cpex2
      model                     C                     C                     C
capacitance            3.2793e-13           4.55731e-14            3.2793e-13
      dtemp                     0                     0                     0
     bv_max                 1e+99                 1e+99                 1e+99
          i                     0                     0                     0
          p                     0                     0                     0

 Capacitor: Fixed capacitor
     device c.xu.xpex_tr1um.cpex2 c.xu.xpex_tr1um.cpex1 c.xu.xpex_tr1um.cpex1
      model                     C                     C                     C
capacitance           4.55731e-14            3.2793e-13           4.55731e-14
      dtemp                     0                     0                     0
     bv_max                 1e+99                 1e+99                 1e+99
          i                     0                     0                     0
          p                     0                     0                     0

 Capacitor: Fixed capacitor
     device c.xu.xpex_tr1um.cpex1 c.xu.xpex_tr1um.cpex1 c.xu.xpex_tr1um.cpex1
      model                     C                     C                     C
capacitance            3.2793e-13           4.55731e-14            3.2793e-13
      dtemp                     0                     0                     0
     bv_max                 1e+99                 1e+99                 1e+99
          i                     0                     0                     0
          p                     0                     0                     0

 Capacitor: Fixed capacitor
     device c.xu.xpex_tr1um.cpex1 c.xu.xpex_tr1um.cpex1 c.xu.xpex_tr1um.cpex1
      model                     C                     C                     C
capacitance           4.55731e-14            3.2793e-13           4.55731e-14
      dtemp                     0                     0                     0
     bv_max                 1e+99                 1e+99                 1e+99
          i                     0                     0                     0
          p                     0                     0                     0

 Capacitor: Fixed capacitor
     device c.xu.xpex_tr1um.cpex1 c.xu.xpex_tr1um.cpex1 c.xu.xpex_tr1um.cpex9
      model                     C                     C                     C
capacitance            3.2793e-13            3.2793e-13           4.55731e-14
      dtemp                     0                     0                     0
     bv_max                 1e+99                 1e+99                 1e+99
          i                     0                     0                     0
          p                     0                     0                     0

 Capacitor: Fixed capacitor
     device c.xu.xpex_tr1um.cpex8 c.xu.xpex_tr1um.cpex7 c.xu.xpex_tr1um.cpex6
      model                     C                     C                     C
capacitance           4.55731e-14            3.2793e-13           4.55731e-14
      dtemp                     0                     0                     0
     bv_max                 1e+99                 1e+99                 1e+99
          i                     0                     0                     0
          p                     0                     0                     0

 Capacitor: Fixed capacitor
     device c.xu.xpex_tr1um.cpex5 c.xu.xpex_tr1um.cpex4 c.xu.xpex_tr1um.cpex3
      model                     C                     C                     C
capacitance            3.2793e-13           4.55731e-14            3.2793e-13
      dtemp                     0                     0                     0
     bv_max                 1e+99                 1e+99                 1e+99
          i                     0                     0                     0
          p                     0                     0                     0

 Capacitor: Fixed capacitor
     device c.xu.xpex_tr1um.cpex2 c.xu.xpex_tr1um.cpex1             c.xu.c$52
      model                     C                     C                     C
capacitance           4.55731e-14            3.2793e-13             8.856e-12
      dtemp                     0                     0                     0
     bv_max                 1e+99                 1e+99                 1e+99
          i                     0                     0                     0
          p                     0                     0                    -0

 Isource: Independent current source
     device                 ibias
         dc              1.18e-05
          m                     1
      acmag                     0
      pulse                     -
        sin                     -
        exp                     -
        pwl                     -
       sffm                     -
         am                     -
    trnoise                     -
   trrandom                     -
          v               -4.0967
          p           4.83411e-05
    current              1.18e-05

 Resistor: Simple linear resistor
     device r.xu.xpex_tr1um.rpex2 r.xu.xpex_tr1um.rpex2 r.xu.xpex_tr1um.rpex2
      model                     R                     R                     R
 resistance                 0.001                 0.001                 0.001
         ac                 0.001                 0.001                 0.001
      dtemp                     0                     0                     0
     bv_max                 1e+99                 1e+99                 1e+99
      noisy                     1                     1                     1
          i                     0                     0                     0
          p                     0                     0                     0

 Resistor: Simple linear resistor
     device r.xu.xpex_tr1um.rpex2 r.xu.xpex_tr1um.rpex2 r.xu.xpex_tr1um.rpex2
      model                     R                     R                     R
 resistance                 0.001                 0.001                 0.001
         ac                 0.001                 0.001                 0.001
      dtemp                     0                     0                     0
     bv_max                 1e+99                 1e+99                 1e+99
      noisy                     1                     1                     1
          i                     0                     0                     0
          p                     0                     0                     0

 Resistor: Simple linear resistor
     device r.xu.xpex_tr1um.rpex2 r.xu.xpex_tr1um.rpex2 r.xu.xpex_tr1um.rpex2
      model                     R                     R                     R
 resistance                 0.001                 0.001                 0.001
         ac                 0.001                 0.001                 0.001
      dtemp                     0                     0                     0
     bv_max                 1e+99                 1e+99                 1e+99
      noisy                     1                     1                     1
          i          -4.44089e-13          -1.11022e-13                     0
          p           1.97215e-28            1.2326e-29                     0

 Resistor: Simple linear resistor
     device r.xu.xpex_tr1um.rpex2 r.xu.xpex_tr1um.rpex2 r.xu.xpex_tr1um.rpex2
      model                     R                     R                     R
 resistance                 0.001                 0.001                 0.001
         ac                 0.001                 0.001                 0.001
      dtemp                     0                     0                     0
     bv_max                 1e+99                 1e+99                 1e+99
      noisy                     1                     1                     1
          i                     0           1.11022e-13                     0
          p                     0            1.2326e-29                     0

 Resistor: Simple linear resistor
     device r.xu.xpex_tr1um.rpex2 r.xu.xpex_tr1um.rpex2 r.xu.xpex_tr1um.rpex2
      model                     R                     R                     R
 resistance                     1                     1                     1
         ac                     1                     1                     1
      dtemp                     0                     0                     0
     bv_max                 1e+99                 1e+99                 1e+99
      noisy                     1                     1                     1
          i                     0                     0                     0
          p                     0                     0                     0

 Resistor: Simple linear resistor
     device r.xu.xpex_tr1um.rpex2 r.xu.xpex_tr1um.rpex2 r.xu.xpex_tr1um.rpex2
      model                     R                     R                     R
 resistance                     1                     1                     1
         ac                     1                     1                     1
      dtemp                     0                     0                     0
     bv_max                 1e+99                 1e+99                 1e+99
      noisy                     1                     1                     1
          i           8.88178e-16           1.11022e-16                     0
          p           7.88861e-31            1.2326e-32                     0

 Resistor: Simple linear resistor
     device r.xu.xpex_tr1um.rpex2 r.xu.xpex_tr1um.rpex2 r.xu.xpex_tr1um.rpex2
      model                     R                     R                     R
 resistance                     1                     1                     1
         ac                     1                     1                     1
      dtemp                     0                     0                     0
     bv_max                 1e+99                 1e+99                 1e+99
      noisy                     1                     1                     1
          i                     0          -1.11022e-16                     0
          p                     0            1.2326e-32                     0

 Resistor: Simple linear resistor
     device r.xu.xpex_tr1um.rpex2 r.xu.xpex_tr1um.rpex2 r.xu.xpex_tr1um.rpex2
      model                     R                     R                     R
 resistance                     1                     1                     1
         ac                     1                     1                     1
      dtemp                     0                     0                     0
     bv_max                 1e+99                 1e+99                 1e+99
      noisy                     1                     1                     1
          i                     0           1.11022e-16           8.88178e-16
          p                     0            1.2326e-32           7.88861e-31

 Resistor: Simple linear resistor
     device r.xu.xpex_tr1um.rpex2 r.xu.xpex_tr1um.rpex2 r.xu.xpex_tr1um.rpex2
      model                     R                     R                     R
 resistance                 21.65                 21.65               428.465
         ac                 21.65                 21.65               428.465
      dtemp                     0                     0                     0
     bv_max                 1e+99                 1e+99                 1e+99
      noisy                     1                     1                     1
          i                     0                     0                     0
          p                     0                     0                     0

 Resistor: Simple linear resistor
     device r.xu.xpex_tr1um.rpex2 r.xu.xpex_tr1um.rpex2 r.xu.xpex_tr1um.rpex2
      model                     R                     R                     R
 resistance               428.465                 21.65                 21.65
         ac               428.465                 21.65                 21.65
      dtemp                     0                     0                     0
     bv_max                 1e+99                 1e+99                 1e+99
      noisy                     1                     1                     1
          i                     0                     0           4.10245e-17
          p                     0                     0           3.64371e-32

 Resistor: Simple linear resistor
     device r.xu.xpex_tr1um.rpex2 r.xu.xpex_tr1um.rpex2 r.xu.xpex_tr1um.rpex2
      model                     R                     R                     R
 resistance               428.465               428.465                 21.65
         ac               428.465               428.465                 21.65
      dtemp                     0                     0                     0
     bv_max                 1e+99                 1e+99                 1e+99
      noisy                     1                     1                     1
          i                     0           1.03647e-18                     0
          p                     0           4.60283e-34                     0

 Resistor: Simple linear resistor
     device r.xu.xpex_tr1um.rpex2 r.xu.xpex_tr1um.rpex2 r.xu.xpex_tr1um.rpex2
      model                     R                     R                     R
 resistance                 21.65               428.465               428.465
         ac                 21.65               428.465               428.465
      dtemp                     0                     0                     0
     bv_max                 1e+99                 1e+99                 1e+99
      noisy                     1                     1                     1
          i                     0                     0           1.03647e-18
          p                     0                     0           4.60283e-34

 Resistor: Simple linear resistor
     device r.xu.xpex_tr1um.rpex2 r.xu.xpex_tr1um.rpex2 r.xu.xpex_tr1um.rpex2
      model                     R                     R                     R
 resistance                 21.65                 21.65               428.465
         ac                 21.65                 21.65               428.465
      dtemp                     0                     0                     0
     bv_max                 1e+99                 1e+99                 1e+99
      noisy                     1                     1                     1
          i                     0           -8.2049e-17                     0
          p                     0           1.45748e-31                     0

 Resistor: Simple linear resistor
     device r.xu.xpex_tr1um.rpex2 r.xu.xpex_tr1um.rpex2 r.xu.xpex_tr1um.rpex2
      model                     R                     R                     R
 resistance               428.465                 21.65                 21.65
         ac               428.465                 21.65                 21.65
      dtemp                     0                     0                     0
     bv_max                 1e+99                 1e+99                 1e+99
      noisy                     1                     1                     1
          i          -4.14586e-18                     0          -5.12806e-18
          p           7.36453e-33                     0           5.69329e-34

 Resistor: Simple linear resistor
     device r.xu.xpex_tr1um.rpex2 r.xu.xpex_tr1um.rpex2 r.xu.xpex_tr1um.rpex2
      model                     R                     R                     R
 resistance               428.465               428.465                 21.65
         ac               428.465               428.465                 21.65
      dtemp                     0                     0                     0
     bv_max                 1e+99                 1e+99                 1e+99
      noisy                     1                     1                     1
          i                     0                     0                     0
          p                     0                     0                     0

 Resistor: Simple linear resistor
     device r.xu.xpex_tr1um.rpex1 r.xu.xpex_tr1um.rpex1 r.xu.xpex_tr1um.rpex1
      model                     R                     R                     R
 resistance                 21.65               428.465               428.465
         ac                 21.65               428.465               428.465
      dtemp                     0                     0                     0
     bv_max                 1e+99                 1e+99                 1e+99
      noisy                     1                     1                     1
          i           2.56403e-18                     0                     0
          p           1.42332e-34                     0                     0

 Resistor: Simple linear resistor
     device r.xu.xpex_tr1um.rpex1 r.xu.xpex_tr1um.rpex1 r.xu.xpex_tr1um.rpex1
      model                     R                     R                     R
 resistance                 21.65                 21.65               428.465
         ac                 21.65                 21.65               428.465
      dtemp                     0                     0                     0
     bv_max                 1e+99                 1e+99                 1e+99
      noisy                     1                     1                     1
          i                     0          -4.10245e-17                     0
          p                     0           3.64371e-32                     0

 Resistor: Simple linear resistor
     device r.xu.xpex_tr1um.rpex1 r.xu.xpex_tr1um.rpex1 r.xu.xpex_tr1um.rpex1
      model                     R                     R                     R
 resistance               428.465                 21.65                 21.65
         ac               428.465                 21.65                 21.65
      dtemp                     0                     0                     0
     bv_max                 1e+99                 1e+99                 1e+99
      noisy                     1                     1                     1
          i                     0                     0                     0
          p                     0                     0                     0

 Resistor: Simple linear resistor
     device r.xu.xpex_tr1um.rpex1 r.xu.xpex_tr1um.rpex1 r.xu.xpex_tr1um.rpex1
      model                     R                     R                     R
 resistance               428.465               428.465                 21.65
         ac               428.465               428.465                 21.65
      dtemp                     0                     0                     0
     bv_max                 1e+99                 1e+99                 1e+99
      noisy                     1                     1                     1
          i                     0                     0                     0
          p                     0                     0                     0

 Resistor: Simple linear resistor
     device r.xu.xpex_tr1um.rpex1 r.xu.xpex_tr1um.rpex1 r.xu.xpex_tr1um.rpex1
      model                     R                     R                     R
 resistance                 21.65               428.465               428.465
         ac                 21.65               428.465               428.465
      dtemp                     0                     0                     0
     bv_max                 1e+99                 1e+99                 1e+99
      noisy                     1                     1                     1
          i           1.02561e-17                     0                     0
          p           2.27732e-33                     0                     0

 Resistor: Simple linear resistor
     device r.xu.xpex_tr1um.rpex1 r.xu.xpex_tr1um.rpex1 r.xu.xpex_tr1um.rpex1
      model                     R                     R                     R
 resistance                 21.65                 21.65               428.465
         ac                 21.65                 21.65               428.465
      dtemp                     0                     0                     0
     bv_max                 1e+99                 1e+99                 1e+99
      noisy                     1                     1                     1
          i                     0                     0                     0
          p                     0                     0                     0

 Resistor: Simple linear resistor
     device r.xu.xpex_tr1um.rpex1 r.xu.xpex_tr1um.rpex1 r.xu.xpex_tr1um.rpex1
      model                     R                     R                     R
 resistance               428.465                 21.65                 21.65
         ac               428.465                 21.65                 21.65
      dtemp                     0                     0                     0
     bv_max                 1e+99                 1e+99                 1e+99
      noisy                     1                     1                     1
          i           1.03647e-18                     0                     0
          p           4.60283e-34                     0                     0

 Resistor: Simple linear resistor
     device r.xu.xpex_tr1um.rpex1 r.xu.xpex_tr1um.rpex1 r.xu.xpex_tr1um.rpex1
      model                     R                     R                     R
 resistance               428.465               428.465                 21.65
         ac               428.465               428.465                 21.65
      dtemp                     0                     0                     0
     bv_max                 1e+99                 1e+99                 1e+99
      noisy                     1                     1                     1
          i                     0          -2.59116e-19                     0
          p                     0           2.87677e-35                     0

 Resistor: Simple linear resistor
     device r.xu.xpex_tr1um.rpex1 r.xu.xpex_tr1um.rpex1 r.xu.xpex_tr1um.rpex1
      model                     R                     R                     R
 resistance                 21.65               428.465               428.465
         ac                 21.65               428.465               428.465
      dtemp                     0                     0                     0
     bv_max                 1e+99                 1e+99                 1e+99
      noisy                     1                     1                     1
          i                     0                     0                     0
          p                     0                     0                     0

 Resistor: Simple linear resistor
     device                  rvdd
      model                     R
 resistance                     1
         ac                     1
      dtemp                     0
     bv_max                 1e+99
      noisy                     1
          i           0.000139692
          p           1.95139e-08

 Vsource: Independent voltage source
     device                vbiasn                vbiasp               vdd_src
         dc                   2.5                   2.5                     5
      acmag                     0                     0                     0
      pulse                     -                     -                     -
        sin                     -                     -                     -
        exp                     -                     -                     -
        pwl                     -                     -                     -
       sffm                     -                     -                     -
         am                     -                     -                     -
    trnoise                     -                     -                     -
   trrandom                     -                     -                     -
    portnum                     0                     0                     0
         z0                     0                     0                     0
        pwr                     0                     0                     0
       freq                     0                     0                     0
      phase                     0                     0                     0
          i                     0                     0          -0.000139692
          p                     0                     0           -0.00069846

Warning from checkvalid: vector p7 is not available or has zero length.


Total analysis time (seconds) = 0.001001

Total elapsed time (seconds) = 0.033 

Total DRAM available = 8192.000 MB.
DRAM currently available = 1868.438 MB.
Maximum ngspice program size =   11.281 MB.
Current ngspice program size =   11.281 MB.

