
Note: No compatibility mode selected!


Circuit: * tr10-1 dcdc schematic-level surrogate.

Doing analysis at TEMP = 27.000000 and TNOM = 27.000000

Using SPARSE 1.3 as Direct Linear Solver
Operating point simulation skipped by 'uic',
  now using transient initial conditions.

No. of Data Rows : 100187

  Measurements for Transient Analysis

vout_final          =  8.24494e-07
vout_min            =  -7.35667e-05 at=  4.95765e-04
vout_max            =  3.71059e+00 at=  5.70138e-04
iin_avg             =  -7.52392e-06 from=  4.95763e-04 to=  9.91527e-04

Doing analysis at TEMP = 27.000000 and TNOM = 27.000000

Using SPARSE 1.3 as Direct Linear Solver
Operating point simulation skipped by 'uic',
  now using transient initial conditions.

No. of Data Rows : 100187

  Measurements for Transient Analysis

vout_final          =  8.24494e-07
vout_min            =  -7.35667e-05 at=  4.95765e-04
vout_max            =  3.71059e+00 at=  5.70138e-04
iin_avg             =  -7.52392e-06 from=  4.95763e-04 to=  9.91527e-04


Total analysis time (seconds) = 0.989423

Total elapsed time (seconds) = 1.002 

Total DRAM available = 8192.000 MB.
DRAM currently available = 2545.750 MB.
Maximum ngspice program size =   20.438 MB.
Current ngspice program size =   20.438 MB.

