
Note: No compatibility mode selected!


Circuit: * tr-1um canonical vco post-layout transient testbench.

Doing analysis at TEMP = 27.000000 and TNOM = 27.000000

Using SPARSE 1.3 as Direct Linear Solver
Operating point simulation skipped by 'uic',
  now using transient initial conditions.

No. of Data Rows : 14291

  Measurements for Transient Analysis

t1                  =   2.75957e-05
t2                  =   2.90099e-05
period              =  1.41413e-06
freq                =  7.07149e+05
vout_min            =  -1.23793e-03 at=  1.39235e-04
vout_max            =  5.00170e+00 at=  1.48429e-04


Total analysis time (seconds) = 9.64133

Total elapsed time (seconds) = 9.660 

Total DRAM available = 8192.000 MB.
DRAM currently available = 1473.375 MB.
Maximum ngspice program size =   12.328 MB.
Current ngspice program size =    9.812 MB.

