
Note: No compatibility mode selected!


Circuit: * tr-1um canonical vco post-layout transient testbench.

Doing analysis at TEMP = 27.000000 and TNOM = 27.000000

Using SPARSE 1.3 as Direct Linear Solver
Operating point simulation skipped by 'uic',
  now using transient initial conditions.

No. of Data Rows : 14127

  Measurements for Transient Analysis

t1                  =   2.75202e-05
t2                  =   2.89373e-05
period              =  1.41713e-06
freq                =  7.05650e+05
vout_min            =  -1.80021e-02 at=  2.09627e-04
vout_max            =  5.02325e+00 at=  1.87673e-04


Total analysis time (seconds) = 9.05613

Total elapsed time (seconds) = 9.098 

Total DRAM available = 8192.000 MB.
DRAM currently available = 1345.516 MB.
Maximum ngspice program size =   12.406 MB.
Current ngspice program size =   12.406 MB.

