
Note: No compatibility mode selected!


Circuit: * tr10-1 dcdc schematic-level surrogate.

Doing analysis at TEMP = 27.000000 and TNOM = 27.000000

Using SPARSE 1.3 as Direct Linear Solver
Operating point simulation skipped by 'uic',
  now using transient initial conditions.

No. of Data Rows : 100187

  Measurements for Transient Analysis

vout_final          =  6.36025e-07
vout_min            =  -7.05233e-05 at=  4.95765e-04
vout_max            =  2.75833e+00 at=  8.92446e-04
iin_avg             =  -1.38430e-03 from=  4.95763e-04 to=  9.91527e-04

Doing analysis at TEMP = 27.000000 and TNOM = 27.000000

Using SPARSE 1.3 as Direct Linear Solver
Operating point simulation skipped by 'uic',
  now using transient initial conditions.

No. of Data Rows : 100187

  Measurements for Transient Analysis

vout_final          =  6.36025e-07
vout_min            =  -7.05233e-05 at=  4.95765e-04
vout_max            =  2.75833e+00 at=  8.92446e-04
iin_avg             =  -1.38430e-03 from=  4.95763e-04 to=  9.91527e-04


Total analysis time (seconds) = 1.00558

Total elapsed time (seconds) = 1.017 

Total DRAM available = 8192.000 MB.
DRAM currently available = 2544.188 MB.
Maximum ngspice program size =   20.469 MB.
Current ngspice program size =   20.469 MB.

