
Note: No compatibility mode selected!


Circuit: * tr10-1 dcdc schematic-level surrogate.

Doing analysis at TEMP = 27.000000 and TNOM = 27.000000

Using SPARSE 1.3 as Direct Linear Solver
Operating point simulation skipped by 'uic',
  now using transient initial conditions.

No. of Data Rows : 55830

  Measurements for Transient Analysis

vout_final          =  2.78225e-06
vout_min            =  2.78225e-06 at=  4.44444e-04
vout_max            =  2.75834e+00 at=  4.11184e-04
iin_avg             =  -1.37220e-03 from=  2.50000e-04 to=  5.00000e-04

Doing analysis at TEMP = 27.000000 and TNOM = 27.000000

Using SPARSE 1.3 as Direct Linear Solver
Operating point simulation skipped by 'uic',
  now using transient initial conditions.

No. of Data Rows : 55830

  Measurements for Transient Analysis

vout_final          =  2.78225e-06
vout_min            =  2.78225e-06 at=  4.44444e-04
vout_max            =  2.75834e+00 at=  4.11184e-04
iin_avg             =  -1.37220e-03 from=  2.50000e-04 to=  5.00000e-04


Total analysis time (seconds) = 0.573916

Total elapsed time (seconds) = 0.583 

Total DRAM available = 8192.000 MB.
DRAM currently available = 2546.547 MB.
Maximum ngspice program size =   17.047 MB.
Current ngspice program size =   17.047 MB.

