
Note: No compatibility mode selected!


Circuit: * tr10-1 dcdc schematic-level surrogate.

Doing analysis at TEMP = 27.000000 and TNOM = 27.000000

Using SPARSE 1.3 as Direct Linear Solver
Operating point simulation skipped by 'uic',
  now using transient initial conditions.

No. of Data Rows : 52334

  Measurements for Transient Analysis

vout_final          =  6.36025e-07
vout_min            =  -7.47407e-05 at=  4.55557e-04
vout_max            =  2.75833e+00 at=  2.77850e-04
iin_avg             =  -1.37252e-03 from=  2.50000e-04 to=  5.00000e-04

Doing analysis at TEMP = 27.000000 and TNOM = 27.000000

Using SPARSE 1.3 as Direct Linear Solver
Operating point simulation skipped by 'uic',
  now using transient initial conditions.

No. of Data Rows : 52334

  Measurements for Transient Analysis

vout_final          =  6.36025e-07
vout_min            =  -7.47407e-05 at=  4.55557e-04
vout_max            =  2.75833e+00 at=  2.77850e-04
iin_avg             =  -1.37252e-03 from=  2.50000e-04 to=  5.00000e-04


Total analysis time (seconds) = 0.526897

Total elapsed time (seconds) = 0.537 

Total DRAM available = 8192.000 MB.
DRAM currently available = 2548.750 MB.
Maximum ngspice program size =   16.797 MB.
Current ngspice program size =   16.797 MB.

