
Note: No compatibility mode selected!


Circuit: * tr10 inverter triangle-drive/load reproduction surrogate

Warning : voltage source vtri has non-increasing PWL time points.
Warning : voltage source vtri has non-increasing PWL time points.
Doing analysis at TEMP = 27.000000 and TNOM = 27.000000

Using SPARSE 1.3 as Direct Linear Solver

Initial Transient Solution
--------------------------

Node                                   Voltage
----                                   -------
vdd                                          5
in                                           0
out                                          5
vtri#branch                                  0
vdd#branch                        -5.10017e-10


No. of Data Rows : 1500023

  Measurements for Transient Analysis

vout_min            =  -4.27078e-06 at=  1.50001e-03
vout_max            =  5.00001e+00 at=  2.03537e-03
trise               =  1.92756e-05 targ=  1.76259e-03 trig=  1.74332e-03
tfall               =  1.92686e-05 targ=  1.25670e-03 trig=  1.23743e-03

Doing analysis at TEMP = 27.000000 and TNOM = 27.000000

Using SPARSE 1.3 as Direct Linear Solver

Initial Transient Solution
--------------------------

Node                                   Voltage
----                                   -------
vdd                                          5
in                                           0
out                                          5
vtri#branch                                  0
vdd#branch                        -5.10017e-10


No. of Data Rows : 1500023

  Measurements for Transient Analysis

vout_min            =  -4.27078e-06 at=  1.50001e-03
vout_max            =  5.00001e+00 at=  2.03537e-03
trise               =  1.92756e-05 targ=  1.76259e-03 trig=  1.74332e-03
tfall               =  1.92686e-05 targ=  1.25670e-03 trig=  1.23743e-03


Total analysis time (seconds) = 11.9997

Total elapsed time (seconds) = 12.083 

Total DRAM available = 8192.000 MB.
DRAM currently available = 2252.359 MB.
Maximum ngspice program size =   98.906 MB.
Current ngspice program size =   97.250 MB.

