
Note: No compatibility mode selected!


Circuit: * tr-1um canonical vco post-layout transient testbench.

Doing analysis at TEMP = 27.000000 and TNOM = 27.000000

Using SPARSE 1.3 as Direct Linear Solver
Operating point simulation skipped by 'uic',
  now using transient initial conditions.

No. of Data Rows : 25196

  Measurements for Transient Analysis


Error: measure  t1  when(WHEN) : out of interval
 .meas tran t1 when v(out)=2.5 rise=20 failed!


Error: measure  t2  when(WHEN) : out of interval
 .meas tran t2 when v(out)=2.5 rise=21 failed!

Error in netlist line no. 993, new internal line no. 21:

Undefined parameter [t2]
Error in netlist line no. 993, new internal line no. 21:

 Expression err: t2-t1}
Error in netlist line no. 993, new internal line no. 21:

Cannot compute substitute
period              =   failed
Error in netlist line no. 994, new internal line no. 22:

Undefined parameter [period]
Error in netlist line no. 994, new internal line no. 22:

Cannot compute substitute
freq                =   failed
vout_min            =  4.99987e+00 at=  2.29642e-04
vout_max            =  4.99990e+00 at=  1.64616e-04


Total analysis time (seconds) = 188.44

Total elapsed time (seconds) = 188.460 

Total DRAM available = 8192.000 MB.
DRAM currently available = 1750.531 MB.
Maximum ngspice program size =   11.766 MB.
Current ngspice program size =    9.766 MB.

