
Note: No compatibility mode selected!


Circuit: * historical ishi-kai mos/passive models plus distributed engineering pex.

Doing analysis at TEMP = 27.000000 and TNOM = 27.000000

Using SPARSE 1.3 as Direct Linear Solver
Operating point simulation skipped by 'uic',
  now using transient initial conditions.

No. of Data Rows : 400067

  Measurements for Transient Analysis

t1                  =   7.94441e-05
t2                  =   8.98879e-05
period              =  1.04438e-05
freq                =  9.57507e+04
vout_min            =  -1.26433e-04 at=  2.98633e-04
vout_max            =  5.00377e+00 at=  2.39869e-04


Total analysis time (seconds) = 62.6366

Total elapsed time (seconds) = 62.667 

Total DRAM available = 8192.000 MB.
DRAM currently available = 2093.438 MB.
Maximum ngspice program size =   23.500 MB.
Current ngspice program size =   23.500 MB.

